Archive member included to satisfy reference by file (symbol)

C:/ST/STM32CubeIDE_1.19.0/STM32CubeIDE/plugins/com.st.stm32cube.ide.mcu.externaltools.gnu-tools-for-stm32.13.3.rel1.win32_1.0.100.202509120712/tools/bin/../lib/gcc/arm-none-eabi/13.3.1/../../../../arm-none-eabi/lib/thumb/v7e-m/nofp\libc_nano.a(libc_a-exit.o)
                              C:/ST/STM32CubeIDE_1.19.0/STM32CubeIDE/plugins/com.st.stm32cube.ide.mcu.externaltools.gnu-tools-for-stm32.13.3.rel1.win32_1.0.100.202509120712/tools/bin/../lib/gcc/arm-none-eabi/13.3.1/../../../../arm-none-eabi/lib/thumb/v7e-m/nofp/crt0.o (exit)
C:/ST/STM32CubeIDE_1.19.0/STM32CubeIDE/plugins/com.st.stm32cube.ide.mcu.externaltools.gnu-tools-for-stm32.13.3.rel1.win32_1.0.100.202509120712/tools/bin/../lib/gcc/arm-none-eabi/13.3.1/../../../../arm-none-eabi/lib/thumb/v7e-m/nofp\libc_nano.a(libc_a-ctype_.o)
                              ./Core/nui/ui_cmd.o (_ctype_)
C:/ST/STM32CubeIDE_1.19.0/STM32CubeIDE/plugins/com.st.stm32cube.ide.mcu.externaltools.gnu-tools-for-stm32.13.3.rel1.win32_1.0.100.202509120712/tools/bin/../lib/gcc/arm-none-eabi/13.3.1/../../../../arm-none-eabi/lib/thumb/v7e-m/nofp\libc_nano.a(libc_a-findfp.o)
                              C:/ST/STM32CubeIDE_1.19.0/STM32CubeIDE/plugins/com.st.stm32cube.ide.mcu.externaltools.gnu-tools-for-stm32.13.3.rel1.win32_1.0.100.202509120712/tools/bin/../lib/gcc/arm-none-eabi/13.3.1/../../../../arm-none-eabi/lib/thumb/v7e-m/nofp\libc_nano.a(libc_a-exit.o) (__stdio_exit_handler)
C:/ST/STM32CubeIDE_1.19.0/STM32CubeIDE/plugins/com.st.stm32cube.ide.mcu.externaltools.gnu-tools-for-stm32.13.3.rel1.win32_1.0.100.202509120712/tools/bin/../lib/gcc/arm-none-eabi/13.3.1/../../../../arm-none-eabi/lib/thumb/v7e-m/nofp\libc_nano.a(libc_a-fwalk.o)
                              C:/ST/STM32CubeIDE_1.19.0/STM32CubeIDE/plugins/com.st.stm32cube.ide.mcu.externaltools.gnu-tools-for-stm32.13.3.rel1.win32_1.0.100.202509120712/tools/bin/../lib/gcc/arm-none-eabi/13.3.1/../../../../arm-none-eabi/lib/thumb/v7e-m/nofp\libc_nano.a(libc_a-findfp.o) (_fwalk_sglue)
C:/ST/STM32CubeIDE_1.19.0/STM32CubeIDE/plugins/com.st.stm32cube.ide.mcu.externaltools.gnu-tools-for-stm32.13.3.rel1.win32_1.0.100.202509120712/tools/bin/../lib/gcc/arm-none-eabi/13.3.1/../../../../arm-none-eabi/lib/thumb/v7e-m/nofp\libc_nano.a(libc_a-snprintf.o)
                              ./Core/nui/nd_app.o (snprintf)
C:/ST/STM32CubeIDE_1.19.0/STM32CubeIDE/plugins/com.st.stm32cube.ide.mcu.externaltools.gnu-tools-for-stm32.13.3.rel1.win32_1.0.100.202509120712/tools/bin/../lib/gcc/arm-none-eabi/13.3.1/../../../../arm-none-eabi/lib/thumb/v7e-m/nofp\libc_nano.a(libc_a-sscanf.o)
                              ./Core/nui/ui_time.o (sscanf)
C:/ST/STM32CubeIDE_1.19.0/STM32CubeIDE/plugins/com.st.stm32cube.ide.mcu.externaltools.gnu-tools-for-stm32.13.3.rel1.win32_1.0.100.202509120712/tools/bin/../lib/gcc/arm-none-eabi/13.3.1/../../../../arm-none-eabi/lib/thumb/v7e-m/nofp\libc_nano.a(libc_a-stdio.o)
                              C:/ST/STM32CubeIDE_1.19.0/STM32CubeIDE/plugins/com.st.stm32cube.ide.mcu.externaltools.gnu-tools-for-stm32.13.3.rel1.win32_1.0.100.202509120712/tools/bin/../lib/gcc/arm-none-eabi/13.3.1/../../../../arm-none-eabi/lib/thumb/v7e-m/nofp\libc_nano.a(libc_a-findfp.o) (__sread)
C:/ST/STM32CubeIDE_1.19.0/STM32CubeIDE/plugins/com.st.stm32cube.ide.mcu.externaltools.gnu-tools-for-stm32.13.3.rel1.win32_1.0.100.202509120712/tools/bin/../lib/gcc/arm-none-eabi/13.3.1/../../../../arm-none-eabi/lib/thumb/v7e-m/nofp\libc_nano.a(libc_a-memcmp.o)
                              ./Core/nui/nd_app.o (memcmp)
C:/ST/STM32CubeIDE_1.19.0/STM32CubeIDE/plugins/com.st.stm32cube.ide.mcu.externaltools.gnu-tools-for-stm32.13.3.rel1.win32_1.0.100.202509120712/tools/bin/../lib/gcc/arm-none-eabi/13.3.1/../../../../arm-none-eabi/lib/thumb/v7e-m/nofp\libc_nano.a(libc_a-memset.o)
                              C:/ST/STM32CubeIDE_1.19.0/STM32CubeIDE/plugins/com.st.stm32cube.ide.mcu.externaltools.gnu-tools-for-stm32.13.3.rel1.win32_1.0.100.202509120712/tools/bin/../lib/gcc/arm-none-eabi/13.3.1/../../../../arm-none-eabi/lib/thumb/v7e-m/nofp/crt0.o (memset)
C:/ST/STM32CubeIDE_1.19.0/STM32CubeIDE/plugins/com.st.stm32cube.ide.mcu.externaltools.gnu-tools-for-stm32.13.3.rel1.win32_1.0.100.202509120712/tools/bin/../lib/gcc/arm-none-eabi/13.3.1/../../../../arm-none-eabi/lib/thumb/v7e-m/nofp\libc_nano.a(libc_a-strncmp.o)
                              ./Core/nui/ui_cmd.o (strncmp)
C:/ST/STM32CubeIDE_1.19.0/STM32CubeIDE/plugins/com.st.stm32cube.ide.mcu.externaltools.gnu-tools-for-stm32.13.3.rel1.win32_1.0.100.202509120712/tools/bin/../lib/gcc/arm-none-eabi/13.3.1/../../../../arm-none-eabi/lib/thumb/v7e-m/nofp\libc_nano.a(libc_a-closer.o)
[...]
Memory Configuration

Name             Origin             Length             Attributes
RAM              0x20000000         0x00010000         xrw
RAM2             0x10000000         0x00008000         xrw
FLASH            0x08000000         0x00040000         xr
*default*        0x00000000         0xffffffff

Linker script and memory map

LOAD C:/ST/STM32CubeIDE_1.19.0/STM32CubeIDE/plugins/com.st.stm32cube.ide.mcu.externaltools.gnu-tools-for-stm32.13.3.rel1.win32_1.0.100.202509120712/tools/bin/../lib/gcc/arm-none-eabi/13.3.1/thumb/v7e-m/nofp/crti.o
LOAD C:/ST/STM32CubeIDE_1.19.0/STM32CubeIDE/plugins/com.st.stm32cube.ide.mcu.externaltools.gnu-tools-for-stm32.13.3.rel1.win32_1.0.100.202509120712/tools/bin/../lib/gcc/arm-none-eabi/13.3.1/thumb/v7e-m/nofp/crtbegin.o
LOAD C:/ST/STM32CubeIDE_1.19.0/STM32CubeIDE/plugins/com.st.stm32cube.ide.mcu.externaltools.gnu-tools-for-stm32.13.3.rel1.win32_1.0.100.202509120712/tools/bin/../lib/gcc/arm-none-eabi/13.3.1/../../../../arm-none-eabi/lib/thumb/v7e-m/nofp/crt0.o
LOAD ./Core/Src/main.o
LOAD ./Core/Src/stm32_lpm_if.o
LOAD ./Core/Src/stm32wlxx_hal_msp.o
LOAD ./Core/Src/stm32wlxx_it.o
LOAD ./Core/Src/sys_app.o
LOAD ./Core/Src/sys_debug.o
LOAD ./Core/Src/syscalls.o
LOAD ./Core/Src/sysmem.o
LOAD ./Core/Src/system_stm32wlxx.o
LOAD ./Core/Src/timer_if.o
LOAD ./Core/Src/usart_if.o
LOAD ./Core/Startup/startup_stm32wle5ccux.o
LOAD ./Core/nui/nd_app.o
LOAD ./Core/nui/nd_sensors.o
LOAD ./Core/nui/ui_ble.o
LOAD ./Core/nui/ui_cmd.o
LOAD ./Core/nui/ui_config.o
LOAD ./Core/nui/ui_core.o
LOAD ./Core/nui/ui_crc16.o
LOAD ./Core/nui/ui_fault.o
LOAD ./Core/nui/ui_gpio.o
LOAD ./Core/nui/ui_hal_callbacks.o
LOAD ./Core/nui/ui_lpm.o
LOAD ./Core/nui/ui_packets.o
LOAD ./Core/nui/ui_radio.o
LOAD ./Core/nui/ui_rf_plan_kr920.o
LOAD ./Core/nui/ui_ringbuf.o
LOAD ./Core/nui/ui_time.o
LOAD ./Core/nui/ui_uart.o
LOAD ./Drivers/STM32WLxx_HAL_Driver/Src/stm32wlxx_hal.o
LOAD ./Drivers/STM32WLxx_HAL_Driver/Src/stm32wlxx_hal_adc.o
LOAD ./Drivers/STM32WLxx_HAL_Driver/Src/stm32wlxx_hal_adc_ex.o
LOAD ./Drivers/STM32WLxx_HAL_Driver/Src/stm32wlxx_hal_cortex.o
LOAD ./Drivers/STM32WLxx_HAL_Driver/Src/stm32wlxx_hal_dma.o
LOAD ./Drivers/STM32WLxx_HAL_Driver/Src/stm32wlxx_hal_dma_ex.o
LOAD ./Drivers/STM32WLxx_HAL_Driver/Src/stm32wlxx_hal_exti.o
LOAD ./Drivers/STM32WLxx_HAL_Driver/Src/stm32wlxx_hal_flash.o
LOAD ./Drivers/STM32WLxx_HAL_Driver/Src/stm32wlxx_hal_flash_ex.o
LOAD ./Drivers/STM32WLxx_HAL_Driver/Src/stm32wlxx_hal_gpio.o
LOAD ./Drivers/STM32WLxx_HAL_Driver/Src/stm32wlxx_hal_pwr.o
LOAD ./Drivers/STM32WLxx_HAL_Driver/Src/stm32wlxx_hal_pwr_ex.o
LOAD ./Drivers/STM32WLxx_HAL_Driver/Src/stm32wlxx_hal_rcc.o
LOAD ./Drivers/STM32WLxx_HAL_Driver/Src/stm32wlxx_hal_rcc_ex.o
LOAD ./Drivers/STM32WLxx_HAL_Driver/Src/stm32wlxx_hal_rtc.o
LOAD ./Drivers/STM32WLxx_HAL_Driver/Src/stm32wlxx_hal_rtc_ex.o
LOAD ./Drivers/STM32WLxx_HAL_Driver/Src/stm32wlxx_hal_spi.o
LOAD ./Drivers/STM32WLxx_HAL_Driver/Src/stm32wlxx_hal_spi_ex.o
LOAD ./Drivers/STM32WLxx_HAL_Driver/Src/stm32wlxx_hal_subghz.o
LOAD ./Drivers/STM32WLxx_HAL_Driver/Src/stm32wlxx_hal_uart.o
LOAD ./Drivers/STM32WLxx_HAL_Driver/Src/stm32wlxx_hal_uart_ex.o
LOAD ./Drivers/STM32WLxx_HAL_Driver/Src/stm32wlxx_ll_adc.o
LOAD ./Middlewares/Third_Party/SubGHz_Phy/stm32_radio_driver/lr_fhss_mac.o
LOAD ./Middlewares/Third_Party/SubGHz_Phy/stm32_radio_driver/radio.o
LOAD ./Middlewares/Third_Party/SubGHz_Phy/stm32_radio_driver/radio_driver.o
LOAD ./Middlewares/Third_Party/SubGHz_Phy/stm32_radio_driver/radio_fw.o
LOAD ./Middlewares/Third_Party/SubGHz_Phy/stm32_radio_driver/wl_lr_fhss.o
LOAD ./SubGHz_Phy/App/app_subghz_phy.o
LOAD ./SubGHz_Phy/App/subghz_phy_app.o
LOAD ./SubGHz_Phy/Target/radio_board_if.o
LOAD ./Utilities/lpm/tiny_lpm/stm32_lpm.o
LOAD ./Utilities/misc/stm32_mem.o
LOAD ./Utilities/misc/stm32_systime.o
LOAD ./Utilities/misc/stm32_tiny_sscanf.o
LOAD ./Utilities/misc/stm32_tiny_vsnprintf.o
LOAD ./Utilities/sequencer/stm32_seq.o
LOAD ./Utilities/timer/stm32_timer.o
LOAD ./Utilities/trace/adv_trace/stm32_adv_trace.o
START GROUP
LOAD C:/ST/STM32CubeIDE_1.19.0/STM32CubeIDE/plugins/com.st.stm32cube.ide.mcu.externaltools.gnu-tools-for-stm32.13.3.rel1.win32_1.0.100.202509120712/tools/bin/../lib/gcc/arm-none-eabi/13.3.1/../../../../arm-none-eabi/lib/thumb/v7e-m/nofp\libc_nano.a
LOAD C:/ST/STM32CubeIDE_1.19.0/STM32CubeIDE/plugins/com.st.stm32cube.ide.mcu.externaltools.gnu-tools-for-stm32.13.3.rel1.win32_1.0.100.202509120712/tools/bin/../lib/gcc/arm-none-eabi/13.3.1/../../../../arm-none-eabi/lib/thumb/v7e-m/nofp\libm.a
END GROUP
START GROUP
LOAD C:/ST/STM32CubeIDE_1.19.0/STM32CubeIDE/plugins/com.st.stm32cube.ide.mcu.externaltools.gnu-tools-for-stm32.13.3.rel1.win32_1.0.100.202509120712/tools/bin/../lib/gcc/arm-none-eabi/13.3.1/thumb/v7e-m/nofp\libgcc.a
LOAD C:/ST/STM32CubeIDE_1.19.0/STM32CubeIDE/plugins/com.st.stm32cube.ide.mcu.externaltools.gnu-tools-for-stm32.13.3.rel1.win32_1.0.100.202509120712/tools/bin/../lib/gcc/arm-none-eabi/13.3.1/../../../../arm-none-eabi/lib/thumb/v7e-m/nofp\libc_nano.a
END GROUP
START GROUP
LOAD C:/ST/STM32CubeIDE_1.19.0/STM32CubeIDE/plugins/com.st.stm32cube.ide.mcu.externaltools.gnu-tools-for-stm32.13.3.rel1.win32_1.0.100.202509120712/tools/bin/../lib/gcc/arm-none-eabi/13.3.1/thumb/v7e-m/nofp\libgcc.a
LOAD C:/ST/STM32CubeIDE_1.19.0/STM32CubeIDE/plugins/com.st.stm32cube.ide.mcu.externaltools.gnu-tools-for-stm32.13.3.rel1.win32_1.0.100.202509120712/tools/bin/../lib/gcc/arm-none-eabi/13.3.1/../../../../arm-none-eabi/lib/thumb/v7e-m/nofp\libc_nano.a
LOAD C:/ST/STM32CubeIDE_1.19.0/STM32CubeIDE/plugins/com.st.stm32cube.ide.mcu.externaltools.gnu-tools-for-stm32.13.3.rel1.win32_1.0.100.202509120712/tools/bin/../lib/gcc/arm-none-eabi/13.3.1/../../../../arm-none-eabi/lib/thumb/v7e-m/nofp\libnosys.a
END GROUP
START GROUP
LOAD C:/ST/STM32CubeIDE_1.19.0/STM32CubeIDE/plugins/com.st.stm32cube.ide.mcu.externaltools.gnu-tools-for-stm32.13.3.rel1.win32_1.0.100.202509120712/tools/bin/../lib/gcc/arm-none-eabi/13.3.1/thumb/v7e-m/nofp\libgcc.a
LOAD C:/ST/STM32CubeIDE_1.19.0/STM32CubeIDE/plugins/com.st.stm32cube.ide.mcu.externaltools.gnu-tools-for-stm32.13.3.rel1.win32_1.0.100.202509120712/tools/bin/../lib/gcc/arm-none-eabi/13.3.1/../../../../arm-none-eabi/lib/thumb/v7e-m/nofp\libc_nano.a
LOAD C:/ST/STM32CubeIDE_1.19.0/STM32CubeIDE/plugins/com.st.stm32cube.ide.mcu.externaltools.gnu-tools-for-stm32.13.3.rel1.win32_1.0.100.202509120712/tools/bin/../lib/gcc/arm-none-eabi/13.3.1/../../../../arm-none-eabi/lib/thumb/v7e-m/nofp\libnosys.a
END GROUP
LOAD C:/ST/STM32CubeIDE_1.19.0/STM32CubeIDE/plugins/com.st.stm32cube.ide.mcu.externaltools.gnu-tools-for-stm32.13.3.rel1.win32_1.0.100.202509120712/tools/bin/../lib/gcc/arm-none-eabi/13.3.1/thumb/v7e-m/nofp/crtend.o
LOAD C:/ST/STM32CubeIDE_1.19.0/STM32CubeIDE/plugins/com.st.stm32cube.ide.mcu.externaltools.gnu-tools-for-stm32.13.3.rel1.win32_1.0.100.202509120712/tools/bin/../lib/gcc/arm-none-eabi/13.3.1/thumb/v7e-m/nofp/crtn.o
                0x20010000                        _estack = (ORIGIN (RAM) + LENGTH (RAM))
                0x00000400                        _Min_Heap_Size = 0x400
                0x00001000                        _Min_Stack_Size = 0x1000

.isr_vector     0x08000000      0x138
                0x08000000                        . = ALIGN (0x4)
 *(.isr_vector)
 .isr_vector    0x08000000      0x138 ./Core/Startup/startup_stm32wle5ccux.o
                0x08000000                g_pfnVectors
                0x08000138                        . = ALIGN (0x4)

.text           0x08000140     0xb608
                0x08000140                        . = ALIGN (0x4)
 *(.text)
 .text          0x08000140       0x40 C:/ST/STM32CubeIDE_1.19.0/STM32CubeIDE/plugins/com.st.stm32cube.ide.mcu.externaltools.gnu-tools-for-stm32.13.3.rel1.win32_1.0.100.202509120712/tools/bin/../lib/gcc/arm-none-eabi/13.3.1/thumb/v7e-m/nofp/crtbegin.o
 .text          0x08000180       0x14 C:/ST/STM32CubeIDE_1.19.0/STM32CubeIDE/plugins/com.st.stm32cube.ide.mcu.externaltools.gnu-tools-for-stm32.13.3.rel1.win32_1.0.100.202509120712/tools/bin/../lib/gcc/arm-none-eabi/13.3.1/../../../../arm-none-eabi/lib/thumb/v7e-m/nofp\libc_nano.a(libc_a-strcmp.o)
                0x08000180                strcmp
 .text          0x08000194       0x10 C:/ST/STM32CubeIDE_1.19.0/STM32CubeIDE/plugins/com.st.stm32cube.ide.mcu.externaltools.gnu-tools-for-stm32.13.3.rel1.win32_1.0.100.202509120712/tools/bin/../lib/gcc/arm-none-eabi/13.3.1/../../../../arm-none-eabi/lib/thumb/v7e-m/nofp\libc_nano.a(libc_a-strlen.o)
                0x08000194                strlen
 *fill*         0x080001a4        0xc 
 .text          0x080001b0       0xa0 C:/ST/STM32CubeIDE_1.19.0/STM32CubeIDE/plugins/com.st.stm32cube.ide.mcu.externaltools.gnu-tools-for-stm32.13.3.rel1.win32_1.0.100.202509120712/tools/bin/../lib/gcc/arm-none-eabi/13.3.1/../../../../arm-none-eabi/lib/thumb/v7e-m/nofp\libc_nano.a(libc_a-memchr.o)
                0x080001b0                memchr
 .text          0x08000250       0x30 C:/ST/STM32CubeIDE_1.19.0/STM32CubeIDE/plugins/com.st.stm32cube.ide.mcu.externaltools.gnu-tools-for-stm32.13.3.rel1.win32_1.0.100.202509120712/tools/bin/../lib/gcc/arm-none-eabi/13.3.1/thumb/v7e-m/nofp\libgcc.a(_aeabi_uldivmod.o)
                0x08000250                __aeabi_uldivmod
 .text          0x08000280      0x2f8 C:/ST/STM32CubeIDE_1.19.0/STM32CubeIDE/plugins/com.st.stm32cube.ide.mcu.externaltools.gnu-tools-for-stm32.13.3.rel1.win32_1.0.100.202509120712/tools/bin/../lib/gcc/arm-none-eabi/13.3.1/thumb/v7e-m/nofp\libgcc.a(_udivmoddi4.o)
                0x08000280                __udivmoddi4
 .text          0x08000578        0x4 C:/ST/STM32CubeIDE_1.19.0/STM32CubeIDE/plugins/com.st.stm32cube.ide.mcu.externaltools.gnu-tools-for-stm32.13.3.rel1.win32_1.0.100.202509120712/tools/bin/../lib/gcc/arm-none-eabi/13.3.1/thumb/v7e-m/nofp\libgcc.a(_dvmd_tls.o)
                0x08000578                __aeabi_idiv0
                0x08000578                __aeabi_ldiv0
 *(.text*)
 .text.LL_AHB2_GRP1_EnableClock
                0x0800057c       0x18 ./Core/Src/main.o
 .text.SystemClock_Config
                0x08000594       0x96 ./Core/Src/main.o
                0x08000594                SystemClock_Config
 *fill*         0x0800062a        0x2 
 .text.MX_ADC_Init
                0x0800062c       0x50 ./Core/Src/main.o
                0x0800062c                MX_ADC_Init
 .text.MX_RTC_Init
                0x0800067c       0x70 ./Core/Src/main.o
                0x0800067c                MX_RTC_Init
 .text.MX_SPI1_Init
                0x080006ec       0x4c ./Core/Src/main.o
                0x080006ec                MX_SPI1_Init
 .text.MX_SUBGHZ_Init
                0x08000738       0x18 ./Core/Src/main.o
                0x08000738                MX_SUBGHZ_Init
 .text.MX_USART1_UART_Init
                0x08000750       0x70 ./Core/Src/main.o
                0x08000750                MX_USART1_UART_Init
 .text.MX_DMA_Init
                0x080007c0       0x40 ./Core/Src/main.o
                0x080007c0                MX_DMA_Init
 .text.MX_GPIO_Init
                0x08000800      0x144 ./Core/Src/main.o
                0x08000800                MX_GPIO_Init
 .text.startup.main
                0x08000944       0x28 ./Core/Src/main.o
                0x08000944                main
 .text.Error_Handler
                0x0800096c        0x4 ./Core/Src/main.o
                0x0800096c                Error_Handler
 .text.PWR_EnterOffMode
                0x08000970        0x2 ./Core/Src/stm32_lpm_if.o
                0x08000970                PWR_EnterOffMode
 *fill*         0x08000972        0x2 
 .text.PWR_EnterStopMode
                0x08000974       0x24 ./Core/Src/stm32_lpm_if.o
                0x08000974                PWR_EnterStopMode
 .text.PWR_ExitStopMode
                0x08000998        0xe ./Core/Src/stm32_lpm_if.o
                0x08000998                PWR_ExitStopMode
 .text.PWR_ExitSleepMode
                0x080009a6        0x4 ./Core/Src/stm32_lpm_if.o
                0x080009a6                PWR_ExitSleepMode
 .text.PWR_EnterSleepMode
                0x080009aa       0x12 ./Core/Src/stm32_lpm_if.o
                0x080009aa                PWR_EnterSleepMode
 .text.PWR_ExitOffMode
                0x080009bc        0x2 ./Core/Src/stm32_lpm_if.o
                0x080009bc                PWR_ExitOffMode
 .text.LL_APB2_GRP1_EnableClock
                0x080009be       0x18 ./Core/Src/stm32wlxx_hal_msp.o
 .text.LL_AHB2_GRP1_EnableClock.constprop.0
                0x080009d6       0x1c ./Core/Src/stm32wlxx_hal_msp.o
 .text.HAL_MspInit
                0x080009f2        0x2 ./Core/Src/stm32wlxx_hal_msp.o
                0x080009f2                HAL_MspInit
 .text.HAL_ADC_MspInit
                0x080009f4       0x44 ./Core/Src/stm32wlxx_hal_msp.o
                0x080009f4                HAL_ADC_MspInit
 .text.HAL_ADC_MspDeInit
                0x08000a38       0x28 ./Core/Src/stm32wlxx_hal_msp.o
                0x08000a38                HAL_ADC_MspDeInit
 .text.HAL_RTC_MspInit
                0x08000a60       0x7c ./Core/Src/stm32wlxx_hal_msp.o
                0x08000a60                HAL_RTC_MspInit
 .text.HAL_SPI_MspInit
                0x08000adc       0x4c ./Core/Src/stm32wlxx_hal_msp.o
                0x08000adc                HAL_SPI_MspInit
 .text.HAL_SPI_MspDeInit
                0x08000b28       0x28 ./Core/Src/stm32wlxx_hal_msp.o
                0x08000b28                HAL_SPI_MspDeInit
 .text.HAL_SUBGHZ_MspInit
                0x08000b50       0x2e ./Core/Src/stm32wlxx_hal_msp.o
                0x08000b50                HAL_SUBGHZ_MspInit
 *fill*         0x08000b7e        0x2 
 .text.HAL_UART_MspInit
                0x08000b80       0xb0 ./Core/Src/stm32wlxx_hal_msp.o
                0x08000b80                HAL_UART_MspInit
 .text.HAL_UART_MspDeInit
                0x08000c30       0x3c ./Core/Src/stm32wlxx_hal_msp.o
                0x08000c30                HAL_UART_MspDeInit
 .text.NMI_Handler
                0x08000c6c        0x2 ./Core/Src/stm32wlxx_it.o
                0x08000c6c                NMI_Handler
 .text.HardFault_Handler
                0x08000c6e        0x2 ./Core/Src/stm32wlxx_it.o
                0x08000c6e                HardFault_Handler
 .text.MemManage_Handler
                0x08000c70        0x2 ./Core/Src/stm32wlxx_it.o
                0x08000c70                MemManage_Handler
 .text.BusFault_Handler
                0x08000c72        0x2 ./Core/Src/stm32wlxx_it.o
                0x08000c72                BusFault_Handler
 .text.UsageFault_Handler
                0x08000c74        0x2 ./Core/Src/stm32wlxx_it.o
                0x08000c74                UsageFault_Handler
 .text.SVC_Handler
                0x08000c76        0x2 ./Core/Src/stm32wlxx_it.o
                0x08000c76                SVC_Handler
 .text.DebugMon_Handler
                0x08000c78        0x2 ./Core/Src/stm32wlxx_it.o
                0x08000c78                DebugMon_Handler
 .text.PendSV_Handler
                0x08000c7a        0x2 ./Core/Src/stm32wlxx_it.o
                0x08000c7a                PendSV_Handler
 .text.SysTick_Handler
                0x08000c7c        0x4 ./Core/Src/stm32wlxx_it.o
                0x08000c7c                SysTick_Handler
 .text.TAMP_STAMP_LSECSS_SSRU_IRQHandler
                0x08000c80        0xc ./Core/Src/stm32wlxx_it.o
                0x08000c80                TAMP_STAMP_LSECSS_SSRU_IRQHandler
 .text.EXTI0_IRQHandler
                0x08000c8c        0x6 ./Core/Src/stm32wlxx_it.o
                0x08000c8c                EXTI0_IRQHandler
 .text.EXTI1_IRQHandler
                0x08000c92        0x6 ./Core/Src/stm32wlxx_it.o
                0x08000c92                EXTI1_IRQHandler
 .text.DMA1_Channel2_IRQHandler
                0x08000c98        0xc ./Core/Src/stm32wlxx_it.o
                0x08000c98                DMA1_Channel2_IRQHandler
 .text.USART1_IRQHandler
                0x08000ca4        0xc ./Core/Src/stm32wlxx_it.o
                0x08000ca4                USART1_IRQHandler
 .text.EXTI15_10_IRQHandler
                0x08000cb0       0x16 ./Core/Src/stm32wlxx_it.o
                0x08000cb0                EXTI15_10_IRQHandler
 *fill*         0x08000cc6        0x2 
 .text.RTC_Alarm_IRQHandler
                0x08000cc8        0xc ./Core/Src/stm32wlxx_it.o
                0x08000cc8                RTC_Alarm_IRQHandler
 .text.SUBGHZ_Radio_IRQHandler
                0x08000cd4        0xc ./Core/Src/stm32wlxx_it.o
                0x08000cd4                SUBGHZ_Radio_IRQHandler
 .text.tiny_snprintf_like.constprop.0
                0x08000ce0       0x20 ./Core/Src/sys_app.o
 .text.TimestampNow
                0x08000d00       0x30 ./Core/Src/sys_app.o
 .text.SystemApp_Init
                0x08000d30       0x44 ./Core/Src/sys_app.o
                0x08000d30                SystemApp_Init
 .text.UTIL_SEQ_Idle
                0x08000d74        0x4 ./Core/Src/sys_app.o
                0x08000d74                UTIL_SEQ_Idle
 .text.UTIL_ADV_TRACE_PostSendHook
                0x08000d78        0x8 ./Core/Src/sys_app.o
                0x08000d78                UTIL_ADV_TRACE_PostSendHook
 .text.HAL_GetTick
                0x08000d80       0x10 ./Core/Src/sys_app.o
                0x08000d80                HAL_GetTick
 .text.HAL_Delay
                0x08000d90        0xc ./Core/Src/sys_app.o
                0x08000d90                HAL_Delay
 .text.DBG_Init
                0x08000d9c       0x24 ./Core/Src/sys_debug.o
                0x08000d9c                DBG_Init
 .text._sbrk    0x08000dc0       0x40 ./Core/Src/sysmem.o
                0x08000dc0                _sbrk
 .text.SystemInit
                0x08000e00        0x2 ./Core/Src/system_stm32wlxx.o
                0x08000e00                SystemInit
 *fill*         0x08000e02        0x2 
 .text.TIMER_IF_GetTimerContext
                0x08000e04        0xc ./Core/Src/timer_if.o
                0x08000e04                TIMER_IF_GetTimerContext
 .text.TIMER_IF_GetMinimumTimeout
                0x08000e10        0x4 ./Core/Src/timer_if.o
                0x08000e10                TIMER_IF_GetMinimumTimeout
 .text.TIMER_IF_Convert_ms2Tick
                0x08000e14       0x14 ./Core/Src/timer_if.o
                0x08000e14                TIMER_IF_Convert_ms2Tick
 .text.TIMER_IF_Convert_Tick2ms
                0x08000e28       0x10 ./Core/Src/timer_if.o
                0x08000e28                TIMER_IF_Convert_Tick2ms
 .text.GetTimerTicks
                0x08000e38       0x14 ./Core/Src/timer_if.o
 .text.TIMER_IF_SetTimerContext
                0x08000e4c       0x10 ./Core/Src/timer_if.o
                0x08000e4c                TIMER_IF_SetTimerContext
 .text.TIMER_IF_GetTimerElapsedTime
                0x08000e5c       0x14 ./Core/Src/timer_if.o
                0x08000e5c                TIMER_IF_GetTimerElapsedTime
 .text.TIMER_IF_GetTimerValue
                0x08000e70       0x10 ./Core/Src/timer_if.o
                0x08000e70                TIMER_IF_GetTimerValue
 .text.TIMER_IF_StopTimer
                0x08000e80       0x28 ./Core/Src/timer_if.o
                0x08000e80                TIMER_IF_StopTimer
 .text.TIMER_IF_BkUp_Write_Seconds
                0x08000ea8       0x10 ./Core/Src/timer_if.o
                0x08000ea8                TIMER_IF_BkUp_Write_Seconds
 .text.TIMER_IF_BkUp_Write_SubSeconds
                0x08000eb8       0x10 ./Core/Src/timer_if.o
                0x08000eb8                TIMER_IF_BkUp_Write_SubSeconds
 .text.TIMER_IF_StartTimer
                0x08000ec8       0x50 ./Core/Src/timer_if.o
                0x08000ec8                TIMER_IF_StartTimer
 .text.TIMER_IF_GetTime
                0x08000f18       0x30 ./Core/Src/timer_if.o
                0x08000f18                TIMER_IF_GetTime
 .text.TIMER_IF_BkUp_Read_Seconds
                0x08000f48        0xc ./Core/Src/timer_if.o
                0x08000f48                TIMER_IF_BkUp_Read_Seconds
 .text.TIMER_IF_BkUp_Read_SubSeconds
                0x08000f54        0xc ./Core/Src/timer_if.o
                0x08000f54                TIMER_IF_BkUp_Read_SubSeconds
 .text.TIMER_IF_Init
                0x08000f60       0x48 ./Core/Src/timer_if.o
                0x08000f60                TIMER_IF_Init
 .text.TIMER_IF_DelayMs
                0x08000fa8       0x2a ./Core/Src/timer_if.o
                0x08000fa8                TIMER_IF_DelayMs
 .text.HAL_RTC_AlarmAEventCallback
                0x08000fd2        0x4 ./Core/Src/timer_if.o
                0x08000fd2                HAL_RTC_AlarmAEventCallback
 *fill*         0x08000fd6        0x2 
 .text.HAL_RTCEx_SSRUEventCallback
                0x08000fd8       0x20 ./Core/Src/timer_if.o
                0x08000fd8                HAL_RTCEx_SSRUEventCallback
 .text.vcom_Trace_DMA
                0x08000ff8       0x14 ./Core/Src/usart_if.o
                0x08000ff8                vcom_Trace_DMA
 .text.vcom_ReceiveInit
                0x0800100c       0x4c ./Core/Src/usart_if.o
                0x0800100c                vcom_ReceiveInit
 .text.vcom_Init
                0x08001058       0x28 ./Core/Src/usart_if.o
                0x08001058                vcom_Init
 .text.vcom_DeInit
                0x08001080       0x2c ./Core/Src/usart_if.o
                0x08001080                vcom_DeInit
 .text.HAL_UART_TxCpltCallback
                0x080010ac       0x1c ./Core/Src/usart_if.o
                0x080010ac                HAL_UART_TxCpltCallback
 .text.HAL_UART_RxCpltCallback
                0x080010c8        0x4 ./Core/Src/usart_if.o
                0x080010c8                HAL_UART_RxCpltCallback
 .text.Reset_Handler
                0x080010cc       0x50 ./Core/Startup/startup_stm32wle5ccux.o
                0x080010cc                Reset_Handler
 .text.Default_Handler
                0x0800111c        0x2 ./Core/Startup/startup_stm32wle5ccux.o
                0x0800111c                EXTI2_IRQHandler
                0x0800111c                TIM1_CC_IRQHandler
                0x0800111c                EXTI3_IRQHandler
                0x0800111c                LPTIM2_IRQHandler
                0x0800111c                I2C3_ER_IRQHandler
                0x0800111c                LPTIM3_IRQHandler
                0x0800111c                I2C2_EV_IRQHandler
                0x0800111c                SPI1_IRQHandler
                0x0800111c                DMA2_Channel2_IRQHandler
                0x0800111c                DMA1_Channel4_IRQHandler
                0x0800111c                PKA_IRQHandler
                0x0800111c                TIM17_IRQHandler
                0x0800111c                DMA1_Channel7_IRQHandler
                0x0800111c                SUBGHZSPI_IRQHandler
                0x0800111c                DMA2_Channel1_IRQHandler
                0x0800111c                I2C1_EV_IRQHandler
                0x0800111c                DMAMUX1_OVR_IRQHandler
                0x0800111c                DMA1_Channel6_IRQHandler
                0x0800111c                TIM16_IRQHandler
                0x0800111c                DMA2_Channel4_IRQHandler
                0x0800111c                RCC_IRQHandler
                0x0800111c                TIM1_TRG_COM_IRQHandler
                0x0800111c                DMA1_Channel1_IRQHandler
                0x0800111c                Default_Handler
                0x0800111c                DMA2_Channel7_IRQHandler
                0x0800111c                ADC_IRQHandler
                0x0800111c                I2C3_EV_IRQHandler
                0x0800111c                EXTI9_5_IRQHandler
                0x0800111c                RTC_WKUP_IRQHandler
                0x0800111c                PVD_PVM_IRQHandler
                0x0800111c                SPI2_IRQHandler
                0x0800111c                DMA2_Channel5_IRQHandler
                0x0800111c                DMA1_Channel5_IRQHandler
                0x0800111c                EXTI4_IRQHandler
                0x0800111c                RNG_IRQHandler
                0x0800111c                DMA1_Channel3_IRQHandler
                0x0800111c                COMP_IRQHandler
                0x0800111c                HSEM_IRQHandler
                0x0800111c                TIM1_UP_IRQHandler
                0x0800111c                WWDG_IRQHandler
                0x0800111c                LPUART1_IRQHandler
                0x0800111c                DMA2_Channel6_IRQHandler
                0x0800111c                TIM2_IRQHandler
                0x0800111c                TIM1_BRK_IRQHandler
                0x0800111c                DAC_IRQHandler
                0x0800111c                AES_IRQHandler
                0x0800111c                USART2_IRQHandler
                0x0800111c                I2C2_ER_IRQHandler
                0x0800111c                FLASH_IRQHandler
                0x0800111c                I2C1_ER_IRQHandler
                0x0800111c                LPTIM1_IRQHandler
                0x0800111c                DMA2_Channel3_IRQHandler
 .text.prv_next_event_centi
                0x0800111e       0x40 ./Core/nui/nd_app.o
 .text.prv_led1
                0x0800115e        0xc ./Core/nui/nd_app.o
 .text.prv_led1_pulse_off_cb
                0x0800116a        0x6 ./Core/nui/nd_app.o
 .text.prv_refresh_mode_from_config
                0x08001170       0x24 ./Core/nui/nd_app.o
 .text.prv_is_two_minute_mode_active
                0x08001194       0x1c ./Core/nui/nd_app.o
 .text.prv_get_beacon_early_wake_ms
                0x080011b0       0x3c ./Core/nui/nd_app.o
 .text.prv_get_beacon_rx_window_ms_with_phase_scan
                0x080011ec       0x2c ./Core/nui/nd_app.o
 .text.prv_get_normal_cycle_sec
                0x08001218       0x42 ./Core/nui/nd_app.o
 *fill*         0x0800125a        0x2 
 .text.prv_stop_sensor_and_tx_timers
                0x0800125c       0x24 ./Core/nui/nd_app.o
 .text.prv_schedule_unsync_search_scan
                0x08001280       0x38 ./Core/nui/nd_app.o
 .text.prv_calc_sync_anchor_crc
                0x080012b8       0x32 ./Core/nui/nd_app.o
 *fill*         0x080012ea        0x2 
 .text.prv_apply_setting_ascii
                0x080012ec       0x58 ./Core/nui/nd_app.o
 .text.prv_start_beacon_rx
                0x08001344       0x78 ./Core/nui/nd_app.o
 .text.prv_tmr_tx_cb
                0x080013bc       0x18 ./Core/nui/nd_app.o
 .text.prv_tmr_sensor_cb
                0x080013d4       0x18 ./Core/nui/nd_app.o
 .text.prv_tmr_reminder_cb
                0x080013ec       0x18 ./Core/nui/nd_app.o
 .text.prv_tmr_beacon_cb
                0x08001404       0x18 ./Core/nui/nd_app.o
 .text.prv_tmr_boot_cb
                0x0800141c       0x18 ./Core/nui/nd_app.o
 .text.prv_schedule_sensor_and_tx
                0x08001434       0xe0 ./Core/nui/nd_app.o
 .text.prv_enter_unsync_search
                0x08001514       0x70 ./Core/nui/nd_app.o
 .text.prv_note_main_beacon_miss
                0x08001584       0x38 ./Core/nui/nd_app.o
 .text.prv_restart_current_rx_window
                0x080015bc       0x4c ./Core/nui/nd_app.o
 .text.prv_continue_boot_listen_or_schedule
                0x08001608      0x258 ./Core/nui/nd_app.o
 .text.prv_schedule_short_boot_retry
                0x08001860       0x40 ./Core/nui/nd_app.o
 .text.UI_Hook_OnOpKeyPressed
                0x080018a0       0x60 ./Core/nui/nd_app.o
                0x080018a0                UI_Hook_OnOpKeyPressed
 .text.ND_App_Process
                0x08001900      0x2c0 ./Core/nui/nd_app.o
                0x08001900                ND_App_Process
 .text.ND_App_Init
                0x08001bc0      0x168 ./Core/nui/nd_app.o
                0x08001bc0                ND_App_Init
 .text.ND_Radio_OnTxDone
                0x08001d28       0x20 ./Core/nui/nd_app.o
                0x08001d28                ND_Radio_OnTxDone
 .text.ND_Radio_OnTxTimeout
                0x08001d48        0x4 ./Core/nui/nd_app.o
                0x08001d48                ND_Radio_OnTxTimeout
 .text.ND_Radio_OnRxDone
                0x08001d4c      0x120 ./Core/nui/nd_app.o
                0x08001d4c                ND_Radio_OnRxDone
 .text.ND_Radio_OnRxTimeout
                0x08001e6c       0x3c ./Core/nui/nd_app.o
                0x08001e6c                ND_Radio_OnRxTimeout
 .text.ND_Radio_OnRxError
                0x08001ea8       0x40 ./Core/nui/nd_app.o
                0x08001ea8                ND_Radio_OnRxError
 .text.prv_sort_u16
                0x08001ee8       0x2c ./Core/nui/nd_sensors.o
 .text.prv_adc_read
                0x08001f14       0x50 ./Core/nui/nd_sensors.o
 .text.prv_icm_cs
                0x08001f64       0x14 ./Core/nui/nd_sensors.o
 .text.prv_icm_spi_write
                0x08001f78       0x34 ./Core/nui/nd_sensors.o
 .text.prv_icm_spi_read
                0x08001fac       0x4c ./Core/nui/nd_sensors.o
 .text.prv_trimmed_mean_i16.constprop.0
                0x08001ff8       0x46 ./Core/nui/nd_sensors.o
 *fill*         0x0800203e        0x2 
 .text.ND_Sensors_MeasureAll
                0x08002040      0x2f0 ./Core/nui/nd_sensors.o
                0x08002040                ND_Sensors_MeasureAll
 .text.prv_hw_set_led0
                0x08002330        0xc ./Core/nui/ui_ble.o
 .text.prv_hw_set_bt
                0x0800233c       0x10 ./Core/nui/ui_ble.o
 .text.prv_tmr_uart_init_cb
                0x0800234c       0x18 ./Core/nui/ui_ble.o
 .text.prv_tmr_led_cb
                0x08002364       0x18 ./Core/nui/ui_ble.o
 .text.prv_tmr_timeout_cb
                0x0800237c       0x18 ./Core/nui/ui_ble.o
 .text.prv_serial_init_after_ble_delay
                0x08002394       0x58 ./Core/nui/ui_ble.o
 .text.UI_BLE_Init
                0x080023ec       0x84 ./Core/nui/ui_ble.o
                0x080023ec                UI_BLE_Init
 .text.UI_BLE_EnableForMs
                0x08002470       0xa0 ./Core/nui/ui_ble.o
                0x08002470                UI_BLE_EnableForMs
 .text.UI_BLE_ExtendMs
                0x08002510       0x10 ./Core/nui/ui_ble.o
                0x08002510                UI_BLE_ExtendMs
 .text.UI_BLE_Disable
                0x08002520       0x60 ./Core/nui/ui_ble.o
                0x08002520                UI_BLE_Disable
 .text.UI_BLE_Process
                0x08002580       0x64 ./Core/nui/ui_ble.o
                0x08002580                UI_BLE_Process
 .text.UI_BLE_IsActive
                0x080025e4        0xc ./Core/nui/ui_ble.o
                0x080025e4                UI_BLE_IsActive
 .text.UI_BLE_RequestStopNow
                0x080025f0       0x18 ./Core/nui/ui_ble.o
                0x080025f0                UI_BLE_RequestStopNow
 .text.UI_BLE_ClearFlagsBeforeStop
                0x08002608       0x60 ./Core/nui/ui_ble.o
                0x08002608                UI_BLE_ClearFlagsBeforeStop
 .text.UI_BLE_EnsureSerialReady
                0x08002668       0x48 ./Core/nui/ui_ble.o
                0x08002668                UI_BLE_EnsureSerialReady
 .text.UI_Hook_OnBleEndRequested
                0x080026b0        0x4 ./Core/nui/ui_ble.o
                0x080026b0                UI_Hook_OnBleEndRequested
 .text.prv_skip_spaces
                0x080026b4       0x18 ./Core/nui/ui_cmd.o
 .text.prv_rstrip
                0x080026cc       0x34 ./Core/nui/ui_cmd.o
 .text.prv_send_error
                0x08002700        0xc ./Core/nui/ui_cmd.o
 .text.prv_parse_u8_dec.constprop.0
                0x0800270c       0x38 ./Core/nui/ui_cmd.o
 .text.UI_Hook_OnConfigChanged
                0x08002744        0x2 ./Core/nui/ui_cmd.o
                0x08002744                UI_Hook_OnConfigChanged
 *fill*         0x08002746        0x2 
 .text.prv_commit_config_changed.isra.0
                0x08002748       0x20 ./Core/nui/ui_cmd.o
 .text.UI_Hook_OnTimeChanged
                0x08002768        0x2 ./Core/nui/ui_cmd.o
                0x08002768                UI_Hook_OnTimeChanged
 *fill*         0x0800276a        0x2 
 .text.UI_Cmd_ProcessLine
                0x0800276c      0x270 ./Core/nui/ui_cmd.o
                0x0800276c                UI_Cmd_ProcessLine
 .text.prv_sanitize_cfg
                0x080029dc       0x7c ./Core/nui/ui_config.o
 .text.prv_load_from_flash
                0x08002a58       0x70 ./Core/nui/ui_config.o
 .text.UI_GetConfig
                0x08002ac8       0x64 ./Core/nui/ui_config.o
                0x08002ac8                UI_GetConfig
 .text.UI_Config_Save
                0x08002b2c       0xc8 ./Core/nui/ui_config.o
                0x08002b2c                UI_Config_Save
 .text.UI_SetNetId
                0x08002bf4       0x14 ./Core/nui/ui_config.o
                0x08002bf4                UI_SetNetId
 .text.UI_SetNodeNum
                0x08002c08       0x10 ./Core/nui/ui_config.o
                0x08002c08                UI_SetNodeNum
 .text.UI_SetSetting
                0x08002c18       0x38 ./Core/nui/ui_config.o
                0x08002c18                UI_SetSetting
 .text.prv_cmdrx_reset
                0x08002c50       0x14 ./Core/nui/ui_core.o
 .text.UI_TaskMain
                0x08002c64       0xe4 ./Core/nui/ui_core.o
 .text.UI_Core_ClearFlagsBeforeStop
                0x08002d48        0x4 ./Core/nui/ui_core.o
                0x08002d48                UI_Core_ClearFlagsBeforeStop
 .text.UI_Init  0x08002d4c       0x38 ./Core/nui/ui_core.o
                0x08002d4c                UI_Init
 .text.UI_CRC16_CCITT
                0x08002d84       0x34 ./Core/nui/ui_crc16.o
                0x08002d84                UI_CRC16_CCITT
 .text.UI_GPIO_Init
                0x08002db8       0x4c ./Core/nui/ui_gpio.o
                0x08002db8                UI_GPIO_Init
 .text.UI_GPIO_ExtiCallback
                0x08002e04       0xa4 ./Core/nui/ui_gpio.o
                0x08002e04                UI_GPIO_ExtiCallback
 .text.UI_GPIO_FetchEvents
                0x08002ea8       0x10 ./Core/nui/ui_gpio.o
                0x08002ea8                UI_GPIO_FetchEvents
 .text.UI_GPIO_ClearEvents
                0x08002eb8        0xc ./Core/nui/ui_gpio.o
                0x08002eb8                UI_GPIO_ClearEvents
 .text.UI_GPIO_GetPulseCount
                0x08002ec4        0xc ./Core/nui/ui_gpio.o
                0x08002ec4                UI_GPIO_GetPulseCount
 .text.HAL_UART_ErrorCallback
                0x08002ed0        0x4 ./Core/nui/ui_hal_callbacks.o
                0x08002ed0                HAL_UART_ErrorCallback
 .text.HAL_GPIO_EXTI_Callback
                0x08002ed4        0x4 ./Core/nui/ui_hal_callbacks.o
                0x08002ed4                HAL_GPIO_EXTI_Callback
 .text.UI_LPM_Init
                0x08002ed8        0x8 ./Core/nui/ui_lpm.o
                0x08002ed8                UI_LPM_Init
 .text.UI_LPM_LockStop
                0x08002ee0       0x14 ./Core/nui/ui_lpm.o
                0x08002ee0                UI_LPM_LockStop
 .text.UI_LPM_UnlockStop
                0x08002ef4       0x1c ./Core/nui/ui_lpm.o
                0x08002ef4                UI_LPM_UnlockStop
 .text.UI_UART1_TxDma_DeInit
                0x08002f10        0xc ./Core/nui/ui_lpm.o
                0x08002f10                UI_UART1_TxDma_DeInit
 .text.UI_LPM_BeforeStop_DeInitPeripherals
                0x08002f1c       0xd0 ./Core/nui/ui_lpm.o
                0x08002f1c                UI_LPM_BeforeStop_DeInitPeripherals
 .text.UI_LPM_EnterStopNow
                0x08002fec       0x1c ./Core/nui/ui_lpm.o
                0x08002fec                UI_LPM_EnterStopNow
 .text.UI_Pkt_ParseBeacon
                0x08003008       0x58 ./Core/nui/ui_packets.o
                0x08003008                UI_Pkt_ParseBeacon
 .text.UI_Pkt_BuildNodeData
                0x08003060       0x80 ./Core/nui/ui_packets.o
                0x08003060                UI_Pkt_BuildNodeData
 .text.prv_prepare_common
                0x080030e0       0x44 ./Core/nui/ui_radio.o
 .text.UI_Radio_PrepareTx
                0x08003124       0x4c ./Core/nui/ui_radio.o
                0x08003124                UI_Radio_PrepareTx
 .text.UI_Radio_PrepareRx
                0x08003170       0x4c ./Core/nui/ui_radio.o
                0x08003170                UI_Radio_PrepareRx
 .text.UI_RF_GetBeaconFreqHz
                0x080031bc        0x8 ./Core/nui/ui_rf_plan_kr920.o
                0x080031bc                UI_RF_GetBeaconFreqHz
 .text.UI_RF_GetDataFreqHz
                0x080031c4       0x24 ./Core/nui/ui_rf_plan_kr920.o
                0x080031c4                UI_RF_GetDataFreqHz
 .text.UI_RingBuf_Init
                0x080031e8        0xc ./Core/nui/ui_ringbuf.o
                0x080031e8                UI_RingBuf_Init
 .text.UI_RingBuf_Push
                0x080031f4       0x2c ./Core/nui/ui_ringbuf.o
                0x080031f4                UI_RingBuf_Push
 .text.UI_RingBuf_Pop
                0x08003220       0x2e ./Core/nui/ui_ringbuf.o
                0x08003220                UI_RingBuf_Pop
 .text.prv_is_leap
                0x0800324e       0x30 ./Core/nui/ui_time.o
 *fill*         0x0800327e        0x2 
 .text.prv_bkp_write
                0x08003280       0x40 ./Core/nui/ui_time.o
 .text.prv_days_in_month
                0x080032c0       0x28 ./Core/nui/ui_time.o
 .text.UI_Time_Epoch2016_FromCalendar
                0x080032e8       0x6c ./Core/nui/ui_time.o
                0x080032e8                UI_Time_Epoch2016_FromCalendar
 .text.UI_Time_Epoch2016_ToCalendar
                0x08003354       0x6c ./Core/nui/ui_time.o
                0x08003354                UI_Time_Epoch2016_ToCalendar
 .text.UI_Time_Init
                0x080033c0       0x98 ./Core/nui/ui_time.o
                0x080033c0                UI_Time_Init
 .text.UI_Time_NowCenti2016
                0x08003458       0x5c ./Core/nui/ui_time.o
                0x08003458                UI_Time_NowCenti2016
 .text.UI_Time_NowSec2016
                0x080034b4       0x10 ./Core/nui/ui_time.o
                0x080034b4                UI_Time_NowSec2016
 .text.UI_Time_IsValid
                0x080034c4        0xc ./Core/nui/ui_time.o
                0x080034c4                UI_Time_IsValid
 .text.UI_Time_SetEpochCenti2016
                0x080034d0       0x44 ./Core/nui/ui_time.o
                0x080034d0                UI_Time_SetEpochCenti2016
 .text.UI_Time_SetFromString
                0x08003514      0x110 ./Core/nui/ui_time.o
                0x08003514                UI_Time_SetFromString
 .text.UI_Time_SaveToBackupNow
                0x08003624       0x4c ./Core/nui/ui_time.o
                0x08003624                UI_Time_SaveToBackupNow
 .text.UI_Time_FormatNow
                0x08003670       0x60 ./Core/nui/ui_time.o
                0x08003670                UI_Time_FormatNow
 .text.prv_uart1_is_inited
                0x080036d0       0x1c ./Core/nui/ui_uart.o
 .text.prv_rx_idle_cb
                0x080036ec        0x8 ./Core/nui/ui_uart.o
 .text.UI_UART_Init
                0x080036f4       0x34 ./Core/nui/ui_uart.o
                0x080036f4                UI_UART_Init
 .text.UI_UART_EnsureStarted
                0x08003728       0x28 ./Core/nui/ui_uart.o
                0x08003728                UI_UART_EnsureStarted
 .text.UI_UART_ReInit
                0x08003750       0x3c ./Core/nui/ui_uart.o
                0x08003750                UI_UART_ReInit
 .text.UI_UART_DeInitLowPower
                0x0800378c       0x24 ./Core/nui/ui_uart.o
                0x0800378c                UI_UART_DeInitLowPower
 .text.UI_UART_ResetRxBuffer
                0x080037b0       0x2c ./Core/nui/ui_uart.o
                0x080037b0                UI_UART_ResetRxBuffer
 .text.UI_UART_RxCpltCallback
                0x080037dc       0x5c ./Core/nui/ui_uart.o
                0x080037dc                UI_UART_RxCpltCallback
 .text.UI_UART_ErrorCallback
                0x08003838       0x18 ./Core/nui/ui_uart.o
                0x08003838                UI_UART_ErrorCallback
 .text.UI_UART_ReadByte
                0x08003850        0xc ./Core/nui/ui_uart.o
                0x08003850                UI_UART_ReadByte
 .text.UI_UART_SendBytes
                0x0800385c       0x24 ./Core/nui/ui_uart.o
                0x0800385c                UI_UART_SendBytes
 .text.UI_UART_SendString
                0x08003880       0x18 ./Core/nui/ui_uart.o
                0x08003880                UI_UART_SendString
 .text.UI_UART_GetLastRxMs
                0x08003898        0xc ./Core/nui/ui_uart.o
                0x08003898                UI_UART_GetLastRxMs
 .text.HAL_InitTick
                0x080038a4       0x4c ./Drivers/STM32WLxx_HAL_Driver/Src/stm32wlxx_hal.o
                0x080038a4                HAL_InitTick
 .text.HAL_Init
                0x080038f0       0x2c ./Drivers/STM32WLxx_HAL_Driver/Src/stm32wlxx_hal.o
                0x080038f0                HAL_Init
 .text.HAL_IncTick
                0x0800391c       0x18 ./Drivers/STM32WLxx_HAL_Driver/Src/stm32wlxx_hal.o
                0x0800391c                HAL_IncTick
 .text.HAL_SuspendTick
                0x08003934        0xe ./Drivers/STM32WLxx_HAL_Driver/Src/stm32wlxx_hal.o
                0x08003934                HAL_SuspendTick
 .text.HAL_ResumeTick
                0x08003942        0xe ./Drivers/STM32WLxx_HAL_Driver/Src/stm32wlxx_hal.o
                0x08003942                HAL_ResumeTick
 .text.HAL_DBGMCU_EnableDBGSleepMode
                0x08003950       0x10 ./Drivers/STM32WLxx_HAL_Driver/Src/stm32wlxx_hal.o
                0x08003950                HAL_DBGMCU_EnableDBGSleepMode
 .text.HAL_DBGMCU_EnableDBGStopMode
                0x08003960       0x10 ./Drivers/STM32WLxx_HAL_Driver/Src/stm32wlxx_hal.o
                0x08003960                HAL_DBGMCU_EnableDBGStopMode
 .text.HAL_DBGMCU_EnableDBGStandbyMode
                0x08003970       0x10 ./Drivers/STM32WLxx_HAL_Driver/Src/stm32wlxx_hal.o
                0x08003970                HAL_DBGMCU_EnableDBGStandbyMode
 .text.LL_ADC_REG_IsConversionOngoing
                0x08003980        0x8 ./Drivers/STM32WLxx_HAL_Driver/Src/stm32wlxx_hal_adc.o
 .text.HAL_ADC_Init
                0x08003988      0x200 ./Drivers/STM32WLxx_HAL_Driver/Src/stm32wlxx_hal_adc.o
                0x08003988                HAL_ADC_Init
 .text.HAL_ADC_PollForConversion
                0x08003b88       0xb4 ./Drivers/STM32WLxx_HAL_Driver/Src/stm32wlxx_hal_adc.o
                0x08003b88                HAL_ADC_PollForConversion
 .text.HAL_ADC_GetValue
                0x08003c3c        0x6 ./Drivers/STM32WLxx_HAL_Driver/Src/stm32wlxx_hal_adc.o
                0x08003c3c                HAL_ADC_GetValue
 *fill*         0x08003c42        0x2 
 .text.HAL_ADC_ConfigChannel
                0x08003c44      0x1b0 ./Drivers/STM32WLxx_HAL_Driver/Src/stm32wlxx_hal_adc.o
                0x08003c44                HAL_ADC_ConfigChannel
 .text.ADC_ConversionStop
                0x08003df4       0x5c ./Drivers/STM32WLxx_HAL_Driver/Src/stm32wlxx_hal_adc.o
                0x08003df4                ADC_ConversionStop
 .text.ADC_Enable
                0x08003e50       0xb4 ./Drivers/STM32WLxx_HAL_Driver/Src/stm32wlxx_hal_adc.o
                0x08003e50                ADC_Enable
 .text.HAL_ADC_Start
                0x08003f04       0x5c ./Drivers/STM32WLxx_HAL_Driver/Src/stm32wlxx_hal_adc.o
                0x08003f04                HAL_ADC_Start
 .text.ADC_Disable
                0x08003f60       0x68 ./Drivers/STM32WLxx_HAL_Driver/Src/stm32wlxx_hal_adc.o
                0x08003f60                ADC_Disable
 .text.HAL_ADC_DeInit
                0x08003fc8       0xac ./Drivers/STM32WLxx_HAL_Driver/Src/stm32wlxx_hal_adc.o
                0x08003fc8                HAL_ADC_DeInit
 .text.HAL_ADC_Stop
                0x08004074       0x3c ./Drivers/STM32WLxx_HAL_Driver/Src/stm32wlxx_hal_adc.o
                0x08004074                HAL_ADC_Stop
 .text.HAL_NVIC_SetPriorityGrouping
                0x080040b0       0x24 ./Drivers/STM32WLxx_HAL_Driver/Src/stm32wlxx_hal_cortex.o
                0x080040b0                HAL_NVIC_SetPriorityGrouping
 .text.HAL_NVIC_SetPriority
                0x080040d4       0x64 ./Drivers/STM32WLxx_HAL_Driver/Src/stm32wlxx_hal_cortex.o
                0x080040d4                HAL_NVIC_SetPriority
 .text.HAL_NVIC_EnableIRQ
                0x08004138       0x1c ./Drivers/STM32WLxx_HAL_Driver/Src/stm32wlxx_hal_cortex.o
                0x08004138                HAL_NVIC_EnableIRQ
 .text.HAL_NVIC_DisableIRQ
                0x08004154       0x24 ./Drivers/STM32WLxx_HAL_Driver/Src/stm32wlxx_hal_cortex.o
                0x08004154                HAL_NVIC_DisableIRQ
 .text.HAL_SYSTICK_Config
                0x08004178       0x28 ./Drivers/STM32WLxx_HAL_Driver/Src/stm32wlxx_hal_cortex.o
                0x08004178                HAL_SYSTICK_Config
 .text.DMA_SetConfig
                0x080041a0       0x34 ./Drivers/STM32WLxx_HAL_Driver/Src/stm32wlxx_hal_dma.o
 .text.DMA_CalcDMAMUXChannelBaseAndMask
                0x080041d4       0x4c ./Drivers/STM32WLxx_HAL_Driver/Src/stm32wlxx_hal_dma.o
 .text.HAL_DMA_Init
                0x08004220       0xe0 ./Drivers/STM32WLxx_HAL_Driver/Src/stm32wlxx_hal_dma.o
                0x08004220                HAL_DMA_Init
 .text.HAL_DMA_DeInit
                0x08004300       0xac ./Drivers/STM32WLxx_HAL_Driver/Src/stm32wlxx_hal_dma.o
                0x08004300                HAL_DMA_DeInit
 .text.HAL_DMA_Start_IT
                0x080043ac       0x88 ./Drivers/STM32WLxx_HAL_Driver/Src/stm32wlxx_hal_dma.o
                0x080043ac                HAL_DMA_Start_IT
 .text.HAL_DMA_Abort
                0x08004434       0x6a ./Drivers/STM32WLxx_HAL_Driver/Src/stm32wlxx_hal_dma.o
                0x08004434                HAL_DMA_Abort
 .text.HAL_DMA_Abort_IT
                0x0800449e       0x6a ./Drivers/STM32WLxx_HAL_Driver/Src/stm32wlxx_hal_dma.o
                0x0800449e                HAL_DMA_Abort_IT
 .text.HAL_DMA_IRQHandler
                0x08004508       0xac ./Drivers/STM32WLxx_HAL_Driver/Src/stm32wlxx_hal_dma.o
                0x08004508                HAL_DMA_IRQHandler
 .text.FLASH_Program_Fast
                0x080045b4       0x30 ./Drivers/STM32WLxx_HAL_Driver/Src/stm32wlxx_hal_flash.o
 .text.HAL_FLASH_Unlock
                0x080045e4       0x24 ./Drivers/STM32WLxx_HAL_Driver/Src/stm32wlxx_hal_flash.o
                0x080045e4                HAL_FLASH_Unlock
 .text.HAL_FLASH_Lock
                0x08004608       0x18 ./Drivers/STM32WLxx_HAL_Driver/Src/stm32wlxx_hal_flash.o
                0x08004608                HAL_FLASH_Lock
 .text.FLASH_WaitForLastOperation
                0x08004620       0x5c ./Drivers/STM32WLxx_HAL_Driver/Src/stm32wlxx_hal_flash.o
                0x08004620                FLASH_WaitForLastOperation
 .text.HAL_FLASH_Program
                0x0800467c       0x70 ./Drivers/STM32WLxx_HAL_Driver/Src/stm32wlxx_hal_flash.o
                0x0800467c                HAL_FLASH_Program
 .text.FLASH_PageErase
                0x080046ec       0x1c ./Drivers/STM32WLxx_HAL_Driver/Src/stm32wlxx_hal_flash_ex.o
                0x080046ec                FLASH_PageErase
 .text.HAL_FLASHEx_Erase
                0x08004708       0xe8 ./Drivers/STM32WLxx_HAL_Driver/Src/stm32wlxx_hal_flash_ex.o
                0x08004708                HAL_FLASHEx_Erase
 .text.HAL_GPIO_Init
                0x080047f0      0x158 ./Drivers/STM32WLxx_HAL_Driver/Src/stm32wlxx_hal_gpio.o
                0x080047f0                HAL_GPIO_Init
 .text.HAL_GPIO_DeInit
                0x08004948       0xe8 ./Drivers/STM32WLxx_HAL_Driver/Src/stm32wlxx_hal_gpio.o
                0x08004948                HAL_GPIO_DeInit
 .text.HAL_GPIO_ReadPin
                0x08004a30        0xc ./Drivers/STM32WLxx_HAL_Driver/Src/stm32wlxx_hal_gpio.o
                0x08004a30                HAL_GPIO_ReadPin
 .text.HAL_GPIO_WritePin
                0x08004a3c        0xa ./Drivers/STM32WLxx_HAL_Driver/Src/stm32wlxx_hal_gpio.o
                0x08004a3c                HAL_GPIO_WritePin
 *fill*         0x08004a46        0x2 
 .text.HAL_GPIO_EXTI_IRQHandler
                0x08004a48       0x18 ./Drivers/STM32WLxx_HAL_Driver/Src/stm32wlxx_hal_gpio.o
                0x08004a48                HAL_GPIO_EXTI_IRQHandler
 .text.HAL_PWR_EnableBkUpAccess
                0x08004a60       0x10 ./Drivers/STM32WLxx_HAL_Driver/Src/stm32wlxx_hal_pwr.o
                0x08004a60                HAL_PWR_EnableBkUpAccess
 .text.HAL_PWR_EnterSLEEPMode
                0x08004a70       0x40 ./Drivers/STM32WLxx_HAL_Driver/Src/stm32wlxx_hal_pwr.o
                0x08004a70                HAL_PWR_EnterSLEEPMode
 .text.HAL_PWREx_GetVoltageRange
                0x08004ab0       0x10 ./Drivers/STM32WLxx_HAL_Driver/Src/stm32wlxx_hal_pwr_ex.o
                0x08004ab0                HAL_PWREx_GetVoltageRange
 .text.HAL_PWREx_EnableLowPowerRunMode
                0x08004ac0       0x10 ./Drivers/STM32WLxx_HAL_Driver/Src/stm32wlxx_hal_pwr_ex.o
                0x08004ac0                HAL_PWREx_EnableLowPowerRunMode
 .text.HAL_PWREx_DisableLowPowerRunMode
                0x08004ad0       0x40 ./Drivers/STM32WLxx_HAL_Driver/Src/stm32wlxx_hal_pwr_ex.o
                0x08004ad0                HAL_PWREx_DisableLowPowerRunMode
 .text.HAL_PWREx_EnterSTOP1Mode
                0x08004b10       0x38 ./Drivers/STM32WLxx_HAL_Driver/Src/stm32wlxx_hal_pwr_ex.o
                0x08004b10                HAL_PWREx_EnterSTOP1Mode
 .text.LL_RCC_HSE_IsReady
                0x08004b48        0xc ./Drivers/STM32WLxx_HAL_Driver/Src/stm32wlxx_hal_rcc.o
 .text.LL_RCC_MSI_IsReady
                0x08004b54        0xc ./Drivers/STM32WLxx_HAL_Driver/Src/stm32wlxx_hal_rcc.o
 .text.LL_RCC_MSI_SetCalibTrimming
                0x08004b60       0x12 ./Drivers/STM32WLxx_HAL_Driver/Src/stm32wlxx_hal_rcc.o
 .text.LL_RCC_PLL_IsReady
                0x08004b72        0xc ./Drivers/STM32WLxx_HAL_Driver/Src/stm32wlxx_hal_rcc.o
 *fill*         0x08004b7e        0x2 
 .text.RCC_SetFlashLatencyFromMSIRange
                0x08004b80       0xd4 ./Drivers/STM32WLxx_HAL_Driver/Src/stm32wlxx_hal_rcc.o
 .text.HAL_RCC_GetSysClockFreq
                0x08004c54       0xdc ./Drivers/STM32WLxx_HAL_Driver/Src/stm32wlxx_hal_rcc.o
                0x08004c54                HAL_RCC_GetSysClockFreq
 .text.HAL_RCC_GetHCLKFreq
                0x08004d30       0x20 ./Drivers/STM32WLxx_HAL_Driver/Src/stm32wlxx_hal_rcc.o
                0x08004d30                HAL_RCC_GetHCLKFreq
 .text.HAL_RCC_OscConfig
                0x08004d50      0x534 ./Drivers/STM32WLxx_HAL_Driver/Src/stm32wlxx_hal_rcc.o
                0x08004d50                HAL_RCC_OscConfig
 .text.HAL_RCC_ClockConfig
                0x08005284      0x1c0 ./Drivers/STM32WLxx_HAL_Driver/Src/stm32wlxx_hal_rcc.o
                0x08005284                HAL_RCC_ClockConfig
 .text.HAL_RCC_GetPCLK1Freq
                0x08005444       0x20 ./Drivers/STM32WLxx_HAL_Driver/Src/stm32wlxx_hal_rcc.o
                0x08005444                HAL_RCC_GetPCLK1Freq
 .text.HAL_RCC_GetPCLK2Freq
                0x08005464       0x20 ./Drivers/STM32WLxx_HAL_Driver/Src/stm32wlxx_hal_rcc.o
                0x08005464                HAL_RCC_GetPCLK2Freq
 .text.LL_RCC_LSE_IsReady
                0x08005484        0xe ./Drivers/STM32WLxx_HAL_Driver/Src/stm32wlxx_hal_rcc_ex.o
 .text.LL_RCC_SetI2CClockSource
                0x08005492       0x20 ./Drivers/STM32WLxx_HAL_Driver/Src/stm32wlxx_hal_rcc_ex.o
 .text.LL_RCC_SetLPTIMClockSource
                0x080054b2       0x1a ./Drivers/STM32WLxx_HAL_Driver/Src/stm32wlxx_hal_rcc_ex.o
 .text.HAL_RCCEx_PeriphCLKConfig
                0x080054cc      0x19c ./Drivers/STM32WLxx_HAL_Driver/Src/stm32wlxx_hal_rcc_ex.o
                0x080054cc                HAL_RCCEx_PeriphCLKConfig
 .text.HAL_RTC_DeactivateAlarm
                0x08005668       0x74 ./Drivers/STM32WLxx_HAL_Driver/Src/stm32wlxx_hal_rtc.o
                0x08005668                HAL_RTC_DeactivateAlarm
 .text.HAL_RTC_AlarmIRQHandler
                0x080056dc       0x34 ./Drivers/STM32WLxx_HAL_Driver/Src/stm32wlxx_hal_rtc.o
                0x080056dc                HAL_RTC_AlarmIRQHandler
 .text.HAL_RTC_WaitForSynchro
                0x08005710       0x30 ./Drivers/STM32WLxx_HAL_Driver/Src/stm32wlxx_hal_rtc.o
                0x08005710                HAL_RTC_WaitForSynchro
 .text.RTC_EnterInitMode
                0x08005740       0x4c ./Drivers/STM32WLxx_HAL_Driver/Src/stm32wlxx_hal_rtc.o
                0x08005740                RTC_EnterInitMode
 .text.RTC_ExitInitMode
                0x0800578c       0x44 ./Drivers/STM32WLxx_HAL_Driver/Src/stm32wlxx_hal_rtc.o
                0x0800578c                RTC_ExitInitMode
 .text.HAL_RTC_Init
                0x080057d0       0xb4 ./Drivers/STM32WLxx_HAL_Driver/Src/stm32wlxx_hal_rtc.o
                0x080057d0                HAL_RTC_Init
 .text.RTC_ByteToBcd2
                0x08005884       0x16 ./Drivers/STM32WLxx_HAL_Driver/Src/stm32wlxx_hal_rtc.o
                0x08005884                RTC_ByteToBcd2
 *fill*         0x0800589a        0x2 
 .text.HAL_RTC_SetAlarm_IT
                0x0800589c      0x15c ./Drivers/STM32WLxx_HAL_Driver/Src/stm32wlxx_hal_rtc.o
                0x0800589c                HAL_RTC_SetAlarm_IT
 .text.HAL_RTCEx_EnableBypassShadow
                0x080059f8       0x3c ./Drivers/STM32WLxx_HAL_Driver/Src/stm32wlxx_hal_rtc_ex.o
                0x080059f8                HAL_RTCEx_EnableBypassShadow
 .text.HAL_RTCEx_SetSSRU_IT
                0x08005a34       0x4c ./Drivers/STM32WLxx_HAL_Driver/Src/stm32wlxx_hal_rtc_ex.o
                0x08005a34                HAL_RTCEx_SetSSRU_IT
 .text.HAL_RTCEx_SSRUIRQHandler
                0x08005a80       0x20 ./Drivers/STM32WLxx_HAL_Driver/Src/stm32wlxx_hal_rtc_ex.o
                0x08005a80                HAL_RTCEx_SSRUIRQHandler
 .text.HAL_RTCEx_AlarmBEventCallback
                0x08005aa0        0x2 ./Drivers/STM32WLxx_HAL_Driver/Src/stm32wlxx_hal_rtc_ex.o
                0x08005aa0                HAL_RTCEx_AlarmBEventCallback
 .text.HAL_RTCEx_BKUPWrite
                0x08005aa2        0xe ./Drivers/STM32WLxx_HAL_Driver/Src/stm32wlxx_hal_rtc_ex.o
                0x08005aa2                HAL_RTCEx_BKUPWrite
 .text.HAL_RTCEx_BKUPRead
                0x08005ab0        0xe ./Drivers/STM32WLxx_HAL_Driver/Src/stm32wlxx_hal_rtc_ex.o
                0x08005ab0                HAL_RTCEx_BKUPRead
 *fill*         0x08005abe        0x2 
 .text.SPI_WaitFlagStateUntilTimeout
                0x08005ac0       0xb8 ./Drivers/STM32WLxx_HAL_Driver/Src/stm32wlxx_hal_spi.o
 .text.SPI_WaitFifoStateUntilTimeout
                0x08005b78       0xd4 ./Drivers/STM32WLxx_HAL_Driver/Src/stm32wlxx_hal_spi.o
 .text.SPI_EndRxTxTransaction
                0x08005c4c       0x4e ./Drivers/STM32WLxx_HAL_Driver/Src/stm32wlxx_hal_spi.o
 .text.SPI_EndRxTransaction
                0x08005c9a       0x76 ./Drivers/STM32WLxx_HAL_Driver/Src/stm32wlxx_hal_spi.o
 .text.HAL_SPI_Init
                0x08005d10      0x10a ./Drivers/STM32WLxx_HAL_Driver/Src/stm32wlxx_hal_spi.o
                0x08005d10                HAL_SPI_Init
 .text.HAL_SPI_DeInit
                0x08005e1a       0x2c ./Drivers/STM32WLxx_HAL_Driver/Src/stm32wlxx_hal_spi.o
                0x08005e1a                HAL_SPI_DeInit
 .text.HAL_SPI_Transmit
                0x08005e46      0x1b6 ./Drivers/STM32WLxx_HAL_Driver/Src/stm32wlxx_hal_spi.o
                0x08005e46                HAL_SPI_Transmit
 .text.HAL_SPI_TransmitReceive
                0x08005ffc      0x3da ./Drivers/STM32WLxx_HAL_Driver/Src/stm32wlxx_hal_spi.o
                0x08005ffc                HAL_SPI_TransmitReceive
 .text.HAL_SPI_Receive
                0x080063d6      0x240 ./Drivers/STM32WLxx_HAL_Driver/Src/stm32wlxx_hal_spi.o
                0x080063d6                HAL_SPI_Receive
 *fill*         0x08006616        0x2 
 .text.LL_PWR_UnselectSUBGHZSPI_NSS
                0x08006618       0x14 ./Drivers/STM32WLxx_HAL_Driver/Src/stm32wlxx_hal_subghz.o
 .text.LL_PWR_SelectSUBGHZSPI_NSS
                0x0800662c       0x14 ./Drivers/STM32WLxx_HAL_Driver/Src/stm32wlxx_hal_subghz.o
 .text.SUBGHZSPI_Init
                0x08006640       0x24 ./Drivers/STM32WLxx_HAL_Driver/Src/stm32wlxx_hal_subghz.o
                0x08006640                SUBGHZSPI_Init
 .text.HAL_SUBGHZ_Init
                0x08006664       0xb8 ./Drivers/STM32WLxx_HAL_Driver/Src/stm32wlxx_hal_subghz.o
                0x08006664                HAL_SUBGHZ_Init
 .text.SUBGHZSPI_Transmit
                0x0800671c       0x68 ./Drivers/STM32WLxx_HAL_Driver/Src/stm32wlxx_hal_subghz.o
                0x0800671c                SUBGHZSPI_Transmit
 .text.SUBGHZSPI_Receive
                0x08006784       0x6c ./Drivers/STM32WLxx_HAL_Driver/Src/stm32wlxx_hal_subghz.o
                0x08006784                SUBGHZSPI_Receive
 .text.SUBGHZ_WaitOnBusy
                0x080067f0       0x44 ./Drivers/STM32WLxx_HAL_Driver/Src/stm32wlxx_hal_subghz.o
                0x080067f0                SUBGHZ_WaitOnBusy
 .text.SUBGHZ_CheckDeviceReady
                0x08006834       0x30 ./Drivers/STM32WLxx_HAL_Driver/Src/stm32wlxx_hal_subghz.o
                0x08006834                SUBGHZ_CheckDeviceReady
 .text.HAL_SUBGHZ_WriteRegisters
                0x08006864       0x72 ./Drivers/STM32WLxx_HAL_Driver/Src/stm32wlxx_hal_subghz.o
                0x08006864                HAL_SUBGHZ_WriteRegisters
 .text.HAL_SUBGHZ_ReadRegisters
                0x080068d6       0x76 ./Drivers/STM32WLxx_HAL_Driver/Src/stm32wlxx_hal_subghz.o
                0x080068d6                HAL_SUBGHZ_ReadRegisters
 .text.HAL_SUBGHZ_ExecSetCmd
                0x0800694c       0x70 ./Drivers/STM32WLxx_HAL_Driver/Src/stm32wlxx_hal_subghz.o
                0x0800694c                HAL_SUBGHZ_ExecSetCmd
 .text.HAL_SUBGHZ_ExecGetCmd
                0x080069bc       0x66 ./Drivers/STM32WLxx_HAL_Driver/Src/stm32wlxx_hal_subghz.o
                0x080069bc                HAL_SUBGHZ_ExecGetCmd
 .text.HAL_SUBGHZ_IRQHandler
                0x08006a22       0xa4 ./Drivers/STM32WLxx_HAL_Driver/Src/stm32wlxx_hal_subghz.o
                0x08006a22                HAL_SUBGHZ_IRQHandler
 .text.HAL_SUBGHZ_WriteBuffer
                0x08006ac6       0x66 ./Drivers/STM32WLxx_HAL_Driver/Src/stm32wlxx_hal_subghz.o
                0x08006ac6                HAL_SUBGHZ_WriteBuffer
 .text.HAL_SUBGHZ_ReadBuffer
                0x08006b2c       0x6e ./Drivers/STM32WLxx_HAL_Driver/Src/stm32wlxx_hal_subghz.o
                0x08006b2c                HAL_SUBGHZ_ReadBuffer
 .text.UART_EndTxTransfer
                0x08006b9a       0x34 ./Drivers/STM32WLxx_HAL_Driver/Src/stm32wlxx_hal_uart.o
 *fill*         0x08006bce        0x2 
 .text.UART_EndRxTransfer
                0x08006bd0       0x58 ./Drivers/STM32WLxx_HAL_Driver/Src/stm32wlxx_hal_uart.o
 .text.HAL_UART_DeInit
                0x08006c28       0x3e ./Drivers/STM32WLxx_HAL_Driver/Src/stm32wlxx_hal_uart.o
                0x08006c28                HAL_UART_DeInit
 *fill*         0x08006c66        0x2 
 .text.HAL_UART_Transmit_DMA
                0x08006c68       0x84 ./Drivers/STM32WLxx_HAL_Driver/Src/stm32wlxx_hal_uart.o
                0x08006c68                HAL_UART_Transmit_DMA
 .text.UART_DMATransmitCplt
                0x08006cec       0x40 ./Drivers/STM32WLxx_HAL_Driver/Src/stm32wlxx_hal_uart.o
 .text.HAL_UART_TxHalfCpltCallback
                0x08006d2c        0x2 ./Drivers/STM32WLxx_HAL_Driver/Src/stm32wlxx_hal_uart.o
                0x08006d2c                HAL_UART_TxHalfCpltCallback
 .text.UART_DMATxHalfCplt
                0x08006d2e        0xa ./Drivers/STM32WLxx_HAL_Driver/Src/stm32wlxx_hal_uart.o
 .text.UART_DMAError
                0x08006d38       0x3c ./Drivers/STM32WLxx_HAL_Driver/Src/stm32wlxx_hal_uart.o
 .text.UART_DMAAbortOnError
                0x08006d74        0xa ./Drivers/STM32WLxx_HAL_Driver/Src/stm32wlxx_hal_uart.o
 .text.HAL_UARTEx_RxEventCallback
                0x08006d7e        0x2 ./Drivers/STM32WLxx_HAL_Driver/Src/stm32wlxx_hal_uart.o
                0x08006d7e                HAL_UARTEx_RxEventCallback
 .text.HAL_UART_IRQHandler
                0x08006d80      0x304 ./Drivers/STM32WLxx_HAL_Driver/Src/stm32wlxx_hal_uart.o
                0x08006d80                HAL_UART_IRQHandler
 .text.UART_RxISR_8BIT
                0x08007084       0xcc ./Drivers/STM32WLxx_HAL_Driver/Src/stm32wlxx_hal_uart.o
 .text.UART_RxISR_16BIT
                0x08007150       0xc4 ./Drivers/STM32WLxx_HAL_Driver/Src/stm32wlxx_hal_uart.o
 .text.UART_RxISR_8BIT_FIFOEN
                0x08007214      0x1a0 ./Drivers/STM32WLxx_HAL_Driver/Src/stm32wlxx_hal_uart.o
 .text.UART_RxISR_16BIT_FIFOEN
                0x080073b4      0x198 ./Drivers/STM32WLxx_HAL_Driver/Src/stm32wlxx_hal_uart.o
 .text.UART_SetConfig
                0x0800754c      0x214 ./Drivers/STM32WLxx_HAL_Driver/Src/stm32wlxx_hal_uart.o
                0x0800754c                UART_SetConfig
 .text.UART_AdvFeatureConfig
                0x08007760       0xa8 ./Drivers/STM32WLxx_HAL_Driver/Src/stm32wlxx_hal_uart.o
                0x08007760                UART_AdvFeatureConfig
 .text.UART_WaitOnFlagUntilTimeout
                0x08007808       0x90 ./Drivers/STM32WLxx_HAL_Driver/Src/stm32wlxx_hal_uart.o
                0x08007808                UART_WaitOnFlagUntilTimeout
 .text.HAL_UART_Transmit
                0x08007898       0xb6 ./Drivers/STM32WLxx_HAL_Driver/Src/stm32wlxx_hal_uart.o
                0x08007898                HAL_UART_Transmit
 .text.UART_CheckIdleState
                0x0800794e       0xb6 ./Drivers/STM32WLxx_HAL_Driver/Src/stm32wlxx_hal_uart.o
                0x0800794e                UART_CheckIdleState
 .text.HAL_UART_Init
                0x08007a04       0x60 ./Drivers/STM32WLxx_HAL_Driver/Src/stm32wlxx_hal_uart.o
                0x08007a04                HAL_UART_Init
 .text.UART_Start_Receive_IT
                0x08007a64      0x114 ./Drivers/STM32WLxx_HAL_Driver/Src/stm32wlxx_hal_uart.o
                0x08007a64                UART_Start_Receive_IT
 .text.HAL_UART_Receive_IT
                0x08007b78       0x44 ./Drivers/STM32WLxx_HAL_Driver/Src/stm32wlxx_hal_uart.o
                0x08007b78                HAL_UART_Receive_IT
 .text.UARTEx_SetNbDataToProcess
                0x08007bbc       0x44 ./Drivers/STM32WLxx_HAL_Driver/Src/stm32wlxx_hal_uart_ex.o
 .text.HAL_UARTEx_WakeupCallback
                0x08007c00        0x2 ./Drivers/STM32WLxx_HAL_Driver/Src/stm32wlxx_hal_uart_ex.o
                0x08007c00                HAL_UARTEx_WakeupCallback
 .text.HAL_UARTEx_RxFifoFullCallback
                0x08007c02        0x2 ./Drivers/STM32WLxx_HAL_Driver/Src/stm32wlxx_hal_uart_ex.o
                0x08007c02                HAL_UARTEx_RxFifoFullCallback
 .text.HAL_UARTEx_TxFifoEmptyCallback
                0x08007c04        0x2 ./Drivers/STM32WLxx_HAL_Driver/Src/stm32wlxx_hal_uart_ex.o
                0x08007c04                HAL_UARTEx_TxFifoEmptyCallback
 .text.HAL_UARTEx_StopModeWakeUpSourceConfig
                0x08007c06       0x8c ./Drivers/STM32WLxx_HAL_Driver/Src/stm32wlxx_hal_uart_ex.o
                0x08007c06                HAL_UARTEx_StopModeWakeUpSourceConfig
 .text.HAL_UARTEx_EnableStopMode
                0x08007c92       0x2c ./Drivers/STM32WLxx_HAL_Driver/Src/stm32wlxx_hal_uart_ex.o
                0x08007c92                HAL_UARTEx_EnableStopMode
 .text.HAL_UARTEx_DisableFifoMode
                0x08007cbe       0x36 ./Drivers/STM32WLxx_HAL_Driver/Src/stm32wlxx_hal_uart_ex.o
                0x08007cbe                HAL_UARTEx_DisableFifoMode
 .text.HAL_UARTEx_SetTxFifoThreshold
                0x08007cf4       0x40 ./Drivers/STM32WLxx_HAL_Driver/Src/stm32wlxx_hal_uart_ex.o
                0x08007cf4                HAL_UARTEx_SetTxFifoThreshold
 .text.HAL_UARTEx_SetRxFifoThreshold
                0x08007d34       0x40 ./Drivers/STM32WLxx_HAL_Driver/Src/stm32wlxx_hal_uart_ex.o
                0x08007d34                HAL_UARTEx_SetRxFifoThreshold
 .text.RadioCheckRfFrequency
                0x08007d74        0x4 ./Middlewares/Third_Party/SubGHz_Phy/stm32_radio_driver/radio.o
 .text.RadioOnTxTimeoutIrq
                0x08007d78       0x14 ./Middlewares/Third_Party/SubGHz_Phy/stm32_radio_driver/radio.o
 .text.RadioOnRxTimeoutIrq
                0x08007d8c       0x14 ./Middlewares/Third_Party/SubGHz_Phy/stm32_radio_driver/radio.o
 .text.RadioLrFhssSetCfg
                0x08007da0        0x4 ./Middlewares/Third_Party/SubGHz_Phy/stm32_radio_driver/radio.o
 .text.RadioLrFhssGetTimeOnAirInMs
                0x08007da4        0x4 ./Middlewares/Third_Party/SubGHz_Phy/stm32_radio_driver/radio.o
 .text.RadioRead
                0x08007da8        0x4 ./Middlewares/Third_Party/SubGHz_Phy/stm32_radio_driver/radio.o
 .text.RadioWrite
                0x08007dac        0x4 ./Middlewares/Third_Party/SubGHz_Phy/stm32_radio_driver/radio.o
 .text.RadioTxCw
                0x08007db0       0x22 ./Middlewares/Third_Party/SubGHz_Phy/stm32_radio_driver/radio.o
 *fill*         0x08007dd2        0x2 
 .text.RadioSetRxDutyCycle
                0x08007dd4       0x38 ./Middlewares/Third_Party/SubGHz_Phy/stm32_radio_driver/radio.o
 .text.RadioRxBoosted
                0x08007e0c       0x5c ./Middlewares/Third_Party/SubGHz_Phy/stm32_radio_driver/radio.o
 .text.RadioStandby
                0x08007e68        0x6 ./Middlewares/Third_Party/SubGHz_Phy/stm32_radio_driver/radio.o
 *fill*         0x08007e6e        0x2 
 .text.RadioGetStatus
                0x08007e70       0x1c ./Middlewares/Third_Party/SubGHz_Phy/stm32_radio_driver/radio.o
 .text.RadioGetWakeupTime
                0x08007e8c        0xa ./Middlewares/Third_Party/SubGHz_Phy/stm32_radio_driver/radio.o
 .text.RadioReadRegisters
                0x08007e96        0x4 ./Middlewares/Third_Party/SubGHz_Phy/stm32_radio_driver/radio.o
 .text.RadioWriteRegisters
                0x08007e9a        0x4 ./Middlewares/Third_Party/SubGHz_Phy/stm32_radio_driver/radio.o
 .text.RadioRssi
                0x08007e9e        0x8 ./Middlewares/Third_Party/SubGHz_Phy/stm32_radio_driver/radio.o
 *fill*         0x08007ea6        0x2 
 .text.RadioSetTxContinuousWave
                0x08007ea8       0x44 ./Middlewares/Third_Party/SubGHz_Phy/stm32_radio_driver/radio.o
 .text.RadioSetChannel
                0x08007eec        0x4 ./Middlewares/Third_Party/SubGHz_Phy/stm32_radio_driver/radio.o
 .text.RadioStartCad
                0x08007ef0       0x28 ./Middlewares/Third_Party/SubGHz_Phy/stm32_radio_driver/radio.o
 .text.RadioRx  0x08007f18       0x5c ./Middlewares/Third_Party/SubGHz_Phy/stm32_radio_driver/radio.o
 .text.RadioSleep
                0x08007f74       0x14 ./Middlewares/Third_Party/SubGHz_Phy/stm32_radio_driver/radio.o
 .text.RadioRandom
                0x08007f88       0x16 ./Middlewares/Third_Party/SubGHz_Phy/stm32_radio_driver/radio.o
 *fill*         0x08007f9e        0x2 
 .text.RadioInit
                0x08007fa0       0x94 ./Middlewares/Third_Party/SubGHz_Phy/stm32_radio_driver/radio.o
 .text.RadioSetMaxPayloadLength
                0x08008034       0x2c ./Middlewares/Third_Party/SubGHz_Phy/stm32_radio_driver/radio.o
 .text.RadioSetPublicNetwork
                0x08008060       0x3c ./Middlewares/Third_Party/SubGHz_Phy/stm32_radio_driver/radio.o
 .text.RadioSetModem
                0x0800809c       0x4c ./Middlewares/Third_Party/SubGHz_Phy/stm32_radio_driver/radio.o
 .text.RadioSetTxGenericConfig
                0x080080e8      0x278 ./Middlewares/Third_Party/SubGHz_Phy/stm32_radio_driver/radio.o
 .text.RadioSetRxGenericConfig
                0x08008360      0x1f8 ./Middlewares/Third_Party/SubGHz_Phy/stm32_radio_driver/radio.o
 .text.RadioSetTxConfig
                0x08008558      0x188 ./Middlewares/Third_Party/SubGHz_Phy/stm32_radio_driver/radio.o
 .text.RadioSetRxConfig
                0x080086e0      0x2d4 ./Middlewares/Third_Party/SubGHz_Phy/stm32_radio_driver/radio.o
 .text.RadioIsChannelFree
                0x080089b4       0x7a ./Middlewares/Third_Party/SubGHz_Phy/stm32_radio_driver/radio.o
 *fill*         0x08008a2e        0x2 
 .text.RadioSend
                0x08008a30      0x1a4 ./Middlewares/Third_Party/SubGHz_Phy/stm32_radio_driver/radio.o
 .text.RadioTimeOnAir
                0x08008bd4       0xec ./Middlewares/Third_Party/SubGHz_Phy/stm32_radio_driver/radio.o
 .text.RadioTxPrbs
                0x08008cc0       0x30 ./Middlewares/Third_Party/SubGHz_Phy/stm32_radio_driver/radio.o
 .text.RadioIrqProcess
                0x08008cf0      0x230 ./Middlewares/Third_Party/SubGHz_Phy/stm32_radio_driver/radio.o
 .text.RadioOnDioIrq
                0x08008f20       0x10 ./Middlewares/Third_Party/SubGHz_Phy/stm32_radio_driver/radio.o
 .text.SUBGRF_GetOperatingMode
                0x08008f30        0xc ./Middlewares/Third_Party/SubGHz_Phy/stm32_radio_driver/radio_driver.o
                0x08008f30                SUBGRF_GetOperatingMode
 .text.SUBGRF_WriteRegister
                0x08008f3c       0x28 ./Middlewares/Third_Party/SubGHz_Phy/stm32_radio_driver/radio_driver.o
                0x08008f3c                SUBGRF_WriteRegister
 .text.SUBGRF_ReadRegister
                0x08008f64       0x28 ./Middlewares/Third_Party/SubGHz_Phy/stm32_radio_driver/radio_driver.o
                0x08008f64                SUBGRF_ReadRegister
 .text.Radio_SMPS_Set
                0x08008f8c       0x28 ./Middlewares/Third_Party/SubGHz_Phy/stm32_radio_driver/radio_driver.o
 .text.SUBGRF_SetWhiteningSeed
                0x08008fb4       0x38 ./Middlewares/Third_Party/SubGHz_Phy/stm32_radio_driver/radio_driver.o
                0x08008fb4                SUBGRF_SetWhiteningSeed
 .text.SUBGRF_WriteRegisters
                0x08008fec       0x20 ./Middlewares/Third_Party/SubGHz_Phy/stm32_radio_driver/radio_driver.o
                0x08008fec                SUBGRF_WriteRegisters
 .text.SUBGRF_SetSyncWord
                0x0800900c       0x12 ./Middlewares/Third_Party/SubGHz_Phy/stm32_radio_driver/radio_driver.o
                0x0800900c                SUBGRF_SetSyncWord
 *fill*         0x0800901e        0x2 
 .text.SUBGRF_SetCrcSeed
                0x08009020       0x24 ./Middlewares/Third_Party/SubGHz_Phy/stm32_radio_driver/radio_driver.o
                0x08009020                SUBGRF_SetCrcSeed
 .text.SUBGRF_SetCrcPolynomial
                0x08009044       0x24 ./Middlewares/Third_Party/SubGHz_Phy/stm32_radio_driver/radio_driver.o
                0x08009044                SUBGRF_SetCrcPolynomial
 .text.SUBGRF_ReadRegisters
                0x08009068       0x20 ./Middlewares/Third_Party/SubGHz_Phy/stm32_radio_driver/radio_driver.o
                0x08009068                SUBGRF_ReadRegisters
 .text.SUBGRF_WriteBuffer
                0x08009088       0x20 ./Middlewares/Third_Party/SubGHz_Phy/stm32_radio_driver/radio_driver.o
                0x08009088                SUBGRF_WriteBuffer
 .text.SUBGRF_SetPayload
                0x080090a8        0xa ./Middlewares/Third_Party/SubGHz_Phy/stm32_radio_driver/radio_driver.o
                0x080090a8                SUBGRF_SetPayload
 *fill*         0x080090b2        0x2 
 .text.SUBGRF_ReadBuffer
                0x080090b4       0x20 ./Middlewares/Third_Party/SubGHz_Phy/stm32_radio_driver/radio_driver.o
                0x080090b4                SUBGRF_ReadBuffer
 .text.SUBGRF_WriteCommand
                0x080090d4       0x20 ./Middlewares/Third_Party/SubGHz_Phy/stm32_radio_driver/radio_driver.o
                0x080090d4                SUBGRF_WriteCommand
 .text.SUBGRF_SetSleep
                0x080090f4       0x44 ./Middlewares/Third_Party/SubGHz_Phy/stm32_radio_driver/radio_driver.o
                0x080090f4                SUBGRF_SetSleep
 .text.SUBGRF_SetStandby
                0x08009138       0x2c ./Middlewares/Third_Party/SubGHz_Phy/stm32_radio_driver/radio_driver.o
                0x08009138                SUBGRF_SetStandby
 .text.SUBGRF_SetTx
                0x08009164       0x2c ./Middlewares/Third_Party/SubGHz_Phy/stm32_radio_driver/radio_driver.o
                0x08009164                SUBGRF_SetTx
 .text.SUBGRF_SendPayload
                0x08009190       0x12 ./Middlewares/Third_Party/SubGHz_Phy/stm32_radio_driver/radio_driver.o
                0x08009190                SUBGRF_SendPayload
 *fill*         0x080091a2        0x2 
 .text.SUBGRF_SetRx
                0x080091a4       0x2c ./Middlewares/Third_Party/SubGHz_Phy/stm32_radio_driver/radio_driver.o
                0x080091a4                SUBGRF_SetRx
 .text.SUBGRF_GetRandom
                0x080091d0       0x68 ./Middlewares/Third_Party/SubGHz_Phy/stm32_radio_driver/radio_driver.o
                0x080091d0                SUBGRF_GetRandom
 .text.SUBGRF_SetRxBoosted
                0x08009238       0x38 ./Middlewares/Third_Party/SubGHz_Phy/stm32_radio_driver/radio_driver.o
                0x08009238                SUBGRF_SetRxBoosted
 .text.SUBGRF_SetRxDutyCycle
                0x08009270       0x38 ./Middlewares/Third_Party/SubGHz_Phy/stm32_radio_driver/radio_driver.o
                0x08009270                SUBGRF_SetRxDutyCycle
 .text.SUBGRF_SetCad
                0x080092a8       0x18 ./Middlewares/Third_Party/SubGHz_Phy/stm32_radio_driver/radio_driver.o
                0x080092a8                SUBGRF_SetCad
 .text.SUBGRF_SetTxContinuousWave
                0x080092c0        0xa ./Middlewares/Third_Party/SubGHz_Phy/stm32_radio_driver/radio_driver.o
                0x080092c0                SUBGRF_SetTxContinuousWave
 .text.SUBGRF_SetTxInfinitePreamble
                0x080092ca        0xa ./Middlewares/Third_Party/SubGHz_Phy/stm32_radio_driver/radio_driver.o
                0x080092ca                SUBGRF_SetTxInfinitePreamble
 .text.SUBGRF_SetStopRxTimerOnPreambleDetect
                0x080092d4       0x18 ./Middlewares/Third_Party/SubGHz_Phy/stm32_radio_driver/radio_driver.o
                0x080092d4                SUBGRF_SetStopRxTimerOnPreambleDetect
 .text.SUBGRF_SetLoRaSymbNumTimeout
                0x080092ec       0x30 ./Middlewares/Third_Party/SubGHz_Phy/stm32_radio_driver/radio_driver.o
                0x080092ec                SUBGRF_SetLoRaSymbNumTimeout
 .text.SUBGRF_SetRegulatorMode
                0x0800931c       0x22 ./Middlewares/Third_Party/SubGHz_Phy/stm32_radio_driver/radio_driver.o
                0x0800931c                SUBGRF_SetRegulatorMode
 .text.SUBGRF_Calibrate
                0x0800933e       0x42 ./Middlewares/Third_Party/SubGHz_Phy/stm32_radio_driver/radio_driver.o
                0x0800933e                SUBGRF_Calibrate
 .text.SUBGRF_CalibrateImage
                0x08009380       0x6c ./Middlewares/Third_Party/SubGHz_Phy/stm32_radio_driver/radio_driver.o
                0x08009380                SUBGRF_CalibrateImage
 .text.SUBGRF_SetPaConfig
                0x080093ec       0x24 ./Middlewares/Third_Party/SubGHz_Phy/stm32_radio_driver/radio_driver.o
                0x080093ec                SUBGRF_SetPaConfig
 .text.SUBGRF_SetDioIrqParams
                0x08009410       0x2a ./Middlewares/Third_Party/SubGHz_Phy/stm32_radio_driver/radio_driver.o
                0x08009410                SUBGRF_SetDioIrqParams
 .text.SUBGRF_SetTcxoMode
                0x0800943a       0x28 ./Middlewares/Third_Party/SubGHz_Phy/stm32_radio_driver/radio_driver.o
                0x0800943a                SUBGRF_SetTcxoMode
 *fill*         0x08009462        0x2 
 .text.SUBGRF_Init
                0x08009464       0x78 ./Middlewares/Third_Party/SubGHz_Phy/stm32_radio_driver/radio_driver.o
                0x08009464                SUBGRF_Init
 .text.SUBGRF_SetRfFrequency
                0x080094dc       0x3c ./Middlewares/Third_Party/SubGHz_Phy/stm32_radio_driver/radio_driver.o
                0x080094dc                SUBGRF_SetRfFrequency
 .text.SUBGRF_SetPacketType
                0x08009518       0x2c ./Middlewares/Third_Party/SubGHz_Phy/stm32_radio_driver/radio_driver.o
                0x08009518                SUBGRF_SetPacketType
 .text.SUBGRF_SetTxParams
                0x08009544       0xf4 ./Middlewares/Third_Party/SubGHz_Phy/stm32_radio_driver/radio_driver.o
                0x08009544                SUBGRF_SetTxParams
 .text.SUBGRF_SetModulationParams
                0x08009638       0xd0 ./Middlewares/Third_Party/SubGHz_Phy/stm32_radio_driver/radio_driver.o
                0x08009638                SUBGRF_SetModulationParams
 .text.SUBGRF_SetPacketParams
                0x08009708       0xc0 ./Middlewares/Third_Party/SubGHz_Phy/stm32_radio_driver/radio_driver.o
                0x08009708                SUBGRF_SetPacketParams
 .text.SUBGRF_SetBufferBaseAddress
                0x080097c8       0x1a ./Middlewares/Third_Party/SubGHz_Phy/stm32_radio_driver/radio_driver.o
                0x080097c8                SUBGRF_SetBufferBaseAddress
 *fill*         0x080097e2        0x2 
 .text.SUBGRF_ReadCommand
                0x080097e4       0x20 ./Middlewares/Third_Party/SubGHz_Phy/stm32_radio_driver/radio_driver.o
                0x080097e4                SUBGRF_ReadCommand
 .text.SUBGRF_GetRssiInst
                0x08009804       0x1a ./Middlewares/Third_Party/SubGHz_Phy/stm32_radio_driver/radio_driver.o
                0x08009804                SUBGRF_GetRssiInst
 *fill*         0x0800981e        0x2 
 .text.SUBGRF_GetRxBufferStatus
                0x08009820       0x44 ./Middlewares/Third_Party/SubGHz_Phy/stm32_radio_driver/radio_driver.o
                0x08009820                SUBGRF_GetRxBufferStatus
 .text.SUBGRF_GetPayload
                0x08009864       0x2c ./Middlewares/Third_Party/SubGHz_Phy/stm32_radio_driver/radio_driver.o
                0x08009864                SUBGRF_GetPayload
 .text.SUBGRF_GetPacketStatus
                0x08009890       0x78 ./Middlewares/Third_Party/SubGHz_Phy/stm32_radio_driver/radio_driver.o
                0x08009890                SUBGRF_GetPacketStatus
 .text.SUBGRF_SetSwitch
                0x08009908       0x28 ./Middlewares/Third_Party/SubGHz_Phy/stm32_radio_driver/radio_driver.o
                0x08009908                SUBGRF_SetSwitch
 .text.SUBGRF_SetRfTxPower
                0x08009930       0x2a ./Middlewares/Third_Party/SubGHz_Phy/stm32_radio_driver/radio_driver.o
                0x08009930                SUBGRF_SetRfTxPower
 .text.SUBGRF_GetRadioWakeUpTime
                0x0800995a        0x4 ./Middlewares/Third_Party/SubGHz_Phy/stm32_radio_driver/radio_driver.o
                0x0800995a                SUBGRF_GetRadioWakeUpTime
 *fill*         0x0800995e        0x2 
 .text.HAL_SUBGHZ_TxCpltCallback
                0x08009960        0xc ./Middlewares/Third_Party/SubGHz_Phy/stm32_radio_driver/radio_driver.o
                0x08009960                HAL_SUBGHZ_TxCpltCallback
 .text.HAL_SUBGHZ_RxCpltCallback
                0x0800996c        0xc ./Middlewares/Third_Party/SubGHz_Phy/stm32_radio_driver/radio_driver.o
                0x0800996c                HAL_SUBGHZ_RxCpltCallback
 .text.HAL_SUBGHZ_CRCErrorCallback
                0x08009978        0xc ./Middlewares/Third_Party/SubGHz_Phy/stm32_radio_driver/radio_driver.o
                0x08009978                HAL_SUBGHZ_CRCErrorCallback
 .text.HAL_SUBGHZ_CADStatusCallback
                0x08009984       0x20 ./Middlewares/Third_Party/SubGHz_Phy/stm32_radio_driver/radio_driver.o
                0x08009984                HAL_SUBGHZ_CADStatusCallback
 .text.HAL_SUBGHZ_RxTxTimeoutCallback
                0x080099a4       0x10 ./Middlewares/Third_Party/SubGHz_Phy/stm32_radio_driver/radio_driver.o
                0x080099a4                HAL_SUBGHZ_RxTxTimeoutCallback
 .text.HAL_SUBGHZ_HeaderErrorCallback
                0x080099b4        0xc ./Middlewares/Third_Party/SubGHz_Phy/stm32_radio_driver/radio_driver.o
                0x080099b4                HAL_SUBGHZ_HeaderErrorCallback
 .text.HAL_SUBGHZ_PreambleDetectedCallback
                0x080099c0        0xc ./Middlewares/Third_Party/SubGHz_Phy/stm32_radio_driver/radio_driver.o
                0x080099c0                HAL_SUBGHZ_PreambleDetectedCallback
 .text.HAL_SUBGHZ_SyncWordValidCallback
                0x080099cc        0xc ./Middlewares/Third_Party/SubGHz_Phy/stm32_radio_driver/radio_driver.o
                0x080099cc                HAL_SUBGHZ_SyncWordValidCallback
 .text.HAL_SUBGHZ_HeaderValidCallback
                0x080099d8        0xc ./Middlewares/Third_Party/SubGHz_Phy/stm32_radio_driver/radio_driver.o
                0x080099d8                HAL_SUBGHZ_HeaderValidCallback
 .text.HAL_SUBGHZ_LrFhssHopCallback
                0x080099e4       0x10 ./Middlewares/Third_Party/SubGHz_Phy/stm32_radio_driver/radio_driver.o
                0x080099e4                HAL_SUBGHZ_LrFhssHopCallback
 .text.SUBGRF_GetFskBandwidthRegValue
                0x080099f4       0x28 ./Middlewares/Third_Party/SubGHz_Phy/stm32_radio_driver/radio_driver.o
                0x080099f4                SUBGRF_GetFskBandwidthRegValue
 .text.SUBGRF_GetCFO
                0x08009a1c       0x80 ./Middlewares/Third_Party/SubGHz_Phy/stm32_radio_driver/radio_driver.o
                0x08009a1c                SUBGRF_GetCFO
 .text.RFW_TransmitLongPacket
                0x08009a9c        0x6 ./Middlewares/Third_Party/SubGHz_Phy/stm32_radio_driver/radio_fw.o
                0x08009a9c                RFW_TransmitLongPacket
 .text.RFW_ReceiveLongPacket
                0x08009aa2        0x6 ./Middlewares/Third_Party/SubGHz_Phy/stm32_radio_driver/radio_fw.o
                0x08009aa2                RFW_ReceiveLongPacket
 .text.RFW_Init
                0x08009aa8        0x6 ./Middlewares/Third_Party/SubGHz_Phy/stm32_radio_driver/radio_fw.o
                0x08009aa8                RFW_Init
 .text.RFW_DeInit
                0x08009aae        0x2 ./Middlewares/Third_Party/SubGHz_Phy/stm32_radio_driver/radio_fw.o
                0x08009aae                RFW_DeInit
 .text.RFW_Is_Init
                0x08009ab0        0x4 ./Middlewares/Third_Party/SubGHz_Phy/stm32_radio_driver/radio_fw.o
                0x08009ab0                RFW_Is_Init
 .text.RFW_Is_LongPacketModeEnabled
                0x08009ab4        0x4 ./Middlewares/Third_Party/SubGHz_Phy/stm32_radio_driver/radio_fw.o
                0x08009ab4                RFW_Is_LongPacketModeEnabled
 .text.RFW_SetAntSwitch
                0x08009ab8        0x2 ./Middlewares/Third_Party/SubGHz_Phy/stm32_radio_driver/radio_fw.o
                0x08009ab8                RFW_SetAntSwitch
 .text.RFW_TransmitInit
                0x08009aba        0x6 ./Middlewares/Third_Party/SubGHz_Phy/stm32_radio_driver/radio_fw.o
                0x08009aba                RFW_TransmitInit
 .text.RFW_ReceiveInit
                0x08009ac0        0x6 ./Middlewares/Third_Party/SubGHz_Phy/stm32_radio_driver/radio_fw.o
                0x08009ac0                RFW_ReceiveInit
 .text.RFW_DeInit_TxLongPacket
                0x08009ac6        0x2 ./Middlewares/Third_Party/SubGHz_Phy/stm32_radio_driver/radio_fw.o
                0x08009ac6                RFW_DeInit_TxLongPacket
 .text.RFW_ReceivePayload
                0x08009ac8        0x2 ./Middlewares/Third_Party/SubGHz_Phy/stm32_radio_driver/radio_fw.o
                0x08009ac8                RFW_ReceivePayload
 .text.RFW_SetRadioModem
                0x08009aca        0x2 ./Middlewares/Third_Party/SubGHz_Phy/stm32_radio_driver/radio_fw.o
                0x08009aca                RFW_SetRadioModem
 .text.MX_SubGHz_Phy_Init
                0x08009acc       0x16 ./SubGHz_Phy/App/app_subghz_phy.o
                0x08009acc                MX_SubGHz_Phy_Init
 .text.MX_SubGHz_Phy_Process
                0x08009ae2        0x8 ./SubGHz_Phy/App/app_subghz_phy.o
                0x08009ae2                MX_SubGHz_Phy_Process
 .text.OnRxError
                0x08009aea        0x4 ./SubGHz_Phy/App/subghz_phy_app.o
 .text.OnRxTimeout
                0x08009aee        0x4 ./SubGHz_Phy/App/subghz_phy_app.o
 .text.OnTxTimeout
                0x08009af2        0x4 ./SubGHz_Phy/App/subghz_phy_app.o
 .text.OnRxDone
                0x08009af6        0x4 ./SubGHz_Phy/App/subghz_phy_app.o
 .text.OnTxDone
                0x08009afa        0x4 ./SubGHz_Phy/App/subghz_phy_app.o
 *fill*         0x08009afe        0x2 
 .text.SubghzApp_Init
                0x08009b00       0x44 ./SubGHz_Phy/App/subghz_phy_app.o
                0x08009b00                SubghzApp_Init
 .text.RBI_Init
                0x08009b44        0x4 ./SubGHz_Phy/Target/radio_board_if.o
                0x08009b44                RBI_Init
 .text.RBI_ConfigRFSwitch
                0x08009b48       0x3e ./SubGHz_Phy/Target/radio_board_if.o
                0x08009b48                RBI_ConfigRFSwitch
 .text.RBI_GetTxConfig
                0x08009b86        0x4 ./SubGHz_Phy/Target/radio_board_if.o
                0x08009b86                RBI_GetTxConfig
 .text.RBI_IsTCXO
                0x08009b8a        0x4 ./SubGHz_Phy/Target/radio_board_if.o
                0x08009b8a                RBI_IsTCXO
 .text.RBI_IsDCDC
                0x08009b8e        0x4 ./SubGHz_Phy/Target/radio_board_if.o
                0x08009b8e                RBI_IsDCDC
 .text.RBI_GetRFOMaxPowerConfig
                0x08009b92        0xa ./SubGHz_Phy/Target/radio_board_if.o
                0x08009b92                RBI_GetRFOMaxPowerConfig
 .text.UTIL_LPM_Init
                0x08009b9c       0x14 ./Utilities/lpm/tiny_lpm/stm32_lpm.o
                0x08009b9c                UTIL_LPM_Init
 .text.UTIL_LPM_SetStopMode
                0x08009bb0       0x2c ./Utilities/lpm/tiny_lpm/stm32_lpm.o
                0x08009bb0                UTIL_LPM_SetStopMode
 .text.UTIL_LPM_SetOffMode
                0x08009bdc       0x2c ./Utilities/lpm/tiny_lpm/stm32_lpm.o
                0x08009bdc                UTIL_LPM_SetOffMode
 .text.UTIL_LPM_EnterLowPower
                0x08009c08       0x40 ./Utilities/lpm/tiny_lpm/stm32_lpm.o
                0x08009c08                UTIL_LPM_EnterLowPower
 .text.UTIL_MEM_cpy_8
                0x08009c48       0x14 ./Utilities/misc/stm32_mem.o
                0x08009c48                UTIL_MEM_cpy_8
 .text.UTIL_MEM_set_8
                0x08009c5c        0xe ./Utilities/misc/stm32_mem.o
                0x08009c5c                UTIL_MEM_set_8
 *fill*         0x08009c6a        0x2 
 .text.SysTimeGet
                0x08009c6c       0x4c ./Utilities/misc/stm32_systime.o
                0x08009c6c                SysTimeGet
 .text.tiny_vsnprintf_like
                0x08009cb8      0x248 ./Utilities/misc/stm32_tiny_vsnprintf.o
                0x08009cb8                tiny_vsnprintf_like
 .text.UTIL_SEQ_SetTask
                0x08009f00       0x2c ./Utilities/sequencer/stm32_seq.o
                0x08009f00                UTIL_SEQ_SetTask
 .text.UTIL_SEQ_PreIdle
                0x08009f2c        0x2 ./Utilities/sequencer/stm32_seq.o
                0x08009f2c                UTIL_SEQ_PreIdle
 .text.UTIL_SEQ_PostIdle
                0x08009f2e        0x2 ./Utilities/sequencer/stm32_seq.o
                0x08009f2e                UTIL_SEQ_PostIdle
 .text.SEQ_BitPosition
                0x08009f30       0x40 ./Utilities/sequencer/stm32_seq.o
                0x08009f30                SEQ_BitPosition
 .text.UTIL_SEQ_Run
                0x08009f70      0x108 ./Utilities/sequencer/stm32_seq.o
                0x08009f70                UTIL_SEQ_Run
 .text.UTIL_SEQ_RegTask
                0x0800a078       0x20 ./Utilities/sequencer/stm32_seq.o
                0x0800a078                UTIL_SEQ_RegTask
 .text.UTIL_TIMER_Init
                0x0800a098       0x14 ./Utilities/timer/stm32_timer.o
                0x0800a098                UTIL_TIMER_Init
 .text.UTIL_TIMER_Create
                0x0800a0ac       0x34 ./Utilities/timer/stm32_timer.o
                0x0800a0ac                UTIL_TIMER_Create
 .text.UTIL_TIMER_GetCurrentTime
                0x0800a0e0       0x14 ./Utilities/timer/stm32_timer.o
                0x0800a0e0                UTIL_TIMER_GetCurrentTime
 .text.UTIL_TIMER_GetElapsedTime
                0x0800a0f4       0x20 ./Utilities/timer/stm32_timer.o
                0x0800a0f4                UTIL_TIMER_GetElapsedTime
 .text.TimerExists
                0x0800a114       0x1c ./Utilities/timer/stm32_timer.o
                0x0800a114                TimerExists
 .text.TimerSetTimeout
                0x0800a130       0x38 ./Utilities/timer/stm32_timer.o
                0x0800a130                TimerSetTimeout
 .text.UTIL_TIMER_Stop
                0x0800a168       0x5c ./Utilities/timer/stm32_timer.o
                0x0800a168                UTIL_TIMER_Stop
 .text.TimerInsertTimer
                0x0800a1c4       0x28 ./Utilities/timer/stm32_timer.o
                0x0800a1c4                TimerInsertTimer
 .text.TimerInsertNewHeadTimer
                0x0800a1ec       0x18 ./Utilities/timer/stm32_timer.o
                0x0800a1ec                TimerInsertNewHeadTimer
 .text.UTIL_TIMER_Start
                0x0800a204       0x74 ./Utilities/timer/stm32_timer.o
                0x0800a204                UTIL_TIMER_Start
 .text.UTIL_TIMER_SetPeriod
                0x0800a278       0x30 ./Utilities/timer/stm32_timer.o
                0x0800a278                UTIL_TIMER_SetPeriod
 .text.UTIL_TIMER_IRQ_Handler
                0x0800a2a8       0x88 ./Utilities/timer/stm32_timer.o
                0x0800a2a8                UTIL_TIMER_IRQ_Handler
 .text.TRACE_UnLock
                0x0800a330       0x18 ./Utilities/trace/adv_trace/stm32_adv_trace.o
 .text.UTIL_ADV_TRACE_Init
                0x0800a348       0x34 ./Utilities/trace/adv_trace/stm32_adv_trace.o
                0x0800a348                UTIL_ADV_TRACE_Init
 .text.UTIL_ADV_TRACE_RegisterTimeStampFunction
                0x0800a37c        0xc ./Utilities/trace/adv_trace/stm32_adv_trace.o
                0x0800a37c                UTIL_ADV_TRACE_RegisterTimeStampFunction
 .text.UTIL_ADV_TRACE_SetVerboseLevel
                0x0800a388        0xc ./Utilities/trace/adv_trace/stm32_adv_trace.o
                0x0800a388                UTIL_ADV_TRACE_SetVerboseLevel
 .text.TRACE_TxCpltCallback
                0x0800a394       0x98 ./Utilities/trace/adv_trace/stm32_adv_trace.o
 .text.snprintf
                0x0800a42c       0x6c C:/ST/STM32CubeIDE_1.19.0/STM32CubeIDE/plugins/com.st.stm32cube.ide.mcu.externaltools.gnu-tools-for-stm32.13.3.rel1.win32_1.0.100.202509120712/tools/bin/../lib/gcc/arm-none-eabi/13.3.1/../../../../arm-none-eabi/lib/thumb/v7e-m/nofp\libc_nano.a(libc_a-snprintf.o)
                0x0800a42c                sniprintf
                0x0800a42c                snprintf
 .text.sscanf   0x0800a498       0x58 C:/ST/STM32CubeIDE_1.19.0/STM32CubeIDE/plugins/com.st.stm32cube.ide.mcu.externaltools.gnu-tools-for-stm32.13.3.rel1.win32_1.0.100.202509120712/tools/bin/../lib/gcc/arm-none-eabi/13.3.1/../../../../arm-none-eabi/lib/thumb/v7e-m/nofp\libc_nano.a(libc_a-sscanf.o)
                0x0800a498                siscanf
                0x0800a498                sscanf
 .text.__seofread
                0x0800a4f0        0x4 C:/ST/STM32CubeIDE_1.19.0/STM32CubeIDE/plugins/com.st.stm32cube.ide.mcu.externaltools.gnu-tools-for-stm32.13.3.rel1.win32_1.0.100.202509120712/tools/bin/../lib/gcc/arm-none-eabi/13.3.1/../../../../arm-none-eabi/lib/thumb/v7e-m/nofp\libc_nano.a(libc_a-stdio.o)
                0x0800a4f0                __seofread
 .text.memcmp   0x0800a4f4       0x20 C:/ST/STM32CubeIDE_1.19.0/STM32CubeIDE/plugins/com.st.stm32cube.ide.mcu.externaltools.gnu-tools-for-stm32.13.3.rel1.win32_1.0.100.202509120712/tools/bin/../lib/gcc/arm-none-eabi/13.3.1/../../../../arm-none-eabi/lib/thumb/v7e-m/nofp\libc_nano.a(libc_a-memcmp.o)
                0x0800a4f4                memcmp
 .text.memset   0x0800a514       0x10 C:/ST/STM32CubeIDE_1.19.0/STM32CubeIDE/plugins/com.st.stm32cube.ide.mcu.externaltools.gnu-tools-for-stm32.13.3.rel1.win32_1.0.100.202509120712/tools/bin/../lib/gcc/arm-none-eabi/13.3.1/../../../../arm-none-eabi/lib/thumb/v7e-m/nofp\libc_nano.a(libc_a-memset.o)
                0x0800a514                memset
 .text.strncmp  0x0800a524       0x24 C:/ST/STM32CubeIDE_1.19.0/STM32CubeIDE/plugins/com.st.stm32cube.ide.mcu.externaltools.gnu-tools-for-stm32.13.3.rel1.win32_1.0.100.202509120712/tools/bin/../lib/gcc/arm-none-eabi/13.3.1/../../../../arm-none-eabi/lib/thumb/v7e-m/nofp\libc_nano.a(libc_a-strncmp.o)
                0x0800a524                strncmp
 .text.__errno  0x0800a548        0xc C:/ST/STM32CubeIDE_1.19.0/STM32CubeIDE/plugins/com.st.stm32cube.ide.mcu.externaltools.gnu-tools-for-stm32.13.3.rel1.win32_1.0.100.202509120712/tools/bin/../lib/gcc/arm-none-eabi/13.3.1/../../../../arm-none-eabi/lib/thumb/v7e-m/nofp\libc_nano.a(libc_a-errno.o)
                0x0800a548                __errno
 .text.__libc_init_array
                0x0800a554       0x48 C:/ST/STM32CubeIDE_1.19.0/STM32CubeIDE/plugins/com.st.stm32cube.ide.mcu.externaltools.gnu-tools-for-stm32.13.3.rel1.win32_1.0.100.202509120712/tools/bin/../lib/gcc/arm-none-eabi/13.3.1/../../../../arm-none-eabi/lib/thumb/v7e-m/nofp\libc_nano.a(libc_a-init.o)
                0x0800a554                __libc_init_array
 .text.__retarget_lock_acquire_recursive
                0x0800a59c        0x2 C:/ST/STM32CubeIDE_1.19.0/STM32CubeIDE/plugins/com.st.stm32cube.ide.mcu.externaltools.gnu-tools-for-stm32.13.3.rel1.win32_1.0.100.202509120712/tools/bin/../lib/gcc/arm-none-eabi/13.3.1/../../../../arm-none-eabi/lib/thumb/v7e-m/nofp\libc_nano.a(libc_a-lock.o)
                0x0800a59c                __retarget_lock_acquire_recursive
 .text.__retarget_lock_release_recursive
                0x0800a59e        0x2 C:/ST/STM32CubeIDE_1.19.0/STM32CubeIDE/plugins/com.st.stm32cube.ide.mcu.externaltools.gnu-tools-for-stm32.13.3.rel1.win32_1.0.100.202509120712/tools/bin/../lib/gcc/arm-none-eabi/13.3.1/../../../../arm-none-eabi/lib/thumb/v7e-m/nofp\libc_nano.a(libc_a-lock.o)
                0x0800a59e                __retarget_lock_release_recursive
 .text.memcpy   0x0800a5a0       0x1c C:/ST/STM32CubeIDE_1.19.0/STM32CubeIDE/plugins/com.st.stm32cube.ide.mcu.externaltools.gnu-tools-for-stm32.13.3.rel1.win32_1.0.100.202509120712/tools/bin/../lib/gcc/arm-none-eabi/13.3.1/../../../../arm-none-eabi/lib/thumb/v7e-m/nofp\libc_nano.a(libc_a-memcpy-stub.o)
                0x0800a5a0                memcpy
 .text._free_r  0x0800a5bc       0x94 C:/ST/STM32CubeIDE_1.19.0/STM32CubeIDE/plugins/com.st.stm32cube.ide.mcu.externaltools.gnu-tools-for-stm32.13.3.rel1.win32_1.0.100.202509120712/tools/bin/../lib/gcc/arm-none-eabi/13.3.1/../../../../arm-none-eabi/lib/thumb/v7e-m/nofp\libc_nano.a(libc_a-freer.o)
                0x0800a5bc                _free_r
 .text.sbrk_aligned
                0x0800a650       0x44 C:/ST/STM32CubeIDE_1.19.0/STM32CubeIDE/plugins/com.st.stm32cube.ide.mcu.externaltools.gnu-tools-for-stm32.13.3.rel1.win32_1.0.100.202509120712/tools/bin/../lib/gcc/arm-none-eabi/13.3.1/../../../../arm-none-eabi/lib/thumb/v7e-m/nofp\libc_nano.a(libc_a-mallocr.o)