../Drivers/STM32WLxx_HAL_Driver/Inc/stm32wlxx_ll_bus.h:1303:22:LL_APB2_GRP1_EnableClock	8	static
../Drivers/STM32WLxx_HAL_Driver/Inc/stm32wlxx_ll_bus.h:449:22:LL_AHB2_GRP1_EnableClock.constprop	8	static
../Core/Src/stm32wlxx_hal_msp.c:64:6:HAL_MspInit	0	static
../Core/Src/stm32wlxx_hal_msp.c:84:6:HAL_ADC_MspInit	32	static
../Core/Src/stm32wlxx_hal_msp.c:118:6:HAL_ADC_MspDeInit	0	static
../Core/Src/stm32wlxx_hal_msp.c:146:6:HAL_RTC_MspInit	72	static
../Core/Src/stm32wlxx_hal_msp.c:187:6:HAL_RTC_MspDeInit	8	static
../Core/Src/stm32wlxx_hal_msp.c:214:6:HAL_SPI_MspInit	32	static
../Core/Src/stm32wlxx_hal_msp.c:252:6:HAL_SPI_MspDeInit	0	static
../Core/Src/stm32wlxx_hal_msp.c:282:6:HAL_SUBGHZ_MspInit	16	static
../Core/Src/stm32wlxx_hal_msp.c:304:6:HAL_SUBGHZ_MspDeInit	0	static
../Core/Src/stm32wlxx_hal_msp.c:326:6:HAL_UART_MspInit	96	static
../Core/Src/stm32wlxx_hal_msp.c:395:6:HAL_UART_MspDeInit	8	static
