../Core/nui/nd_app.c:278:17:prv_next_event_centi	16	static
../Core/nui/nd_app.c:140:13:prv_led1	0	static
../Core/nui/nd_app.c:149:13:prv_led1_pulse_off_cb	0	static
../Core/nui/nd_app.c:227:13:prv_refresh_mode_from_config	8	static
../Core/nui/nd_app.c:233:13:prv_is_two_minute_mode_active	8	static
../Core/nui/nd_app.c:363:17:prv_get_beacon_early_wake_ms	8	static
../Core/nui/nd_app.c:396:17:prv_get_beacon_rx_window_ms_with_phase_scan	8	static
../Core/nui/nd_app.c:252:17:prv_get_normal_cycle_sec	8	static
../Core/nui/nd_app.c:545:13:prv_stop_sensor_and_tx_timers	8	static
../Core/nui/nd_app.c:552:13:prv_schedule_unsync_search_scan	16	static
../Core/nui/nd_app.c:436:17:prv_calc_sync_anchor_crc	32	static
../Core/nui/nd_app.c:210:13:prv_apply_setting_ascii	16	static
../Core/nui/nd_app.c:632:13:prv_start_beacon_rx	32	static
../Core/nui/nd_app.c:203:13:prv_tmr_tx_cb	0	static
../Core/nui/nd_app.c:196:13:prv_tmr_sensor_cb	0	static
../Core/nui/nd_app.c:189:13:prv_tmr_reminder_cb	0	static
../Core/nui/nd_app.c:182:13:prv_tmr_beacon_cb	0	static
../Core/nui/nd_app.c:175:13:prv_tmr_boot_cb	0	static
../Core/nui/nd_app.c:789:13:prv_schedule_sensor_and_tx	32	static
../Core/nui/nd_app.c:560:13:prv_enter_unsync_search	8	static
../Core/nui/nd_app.c:582:13:prv_note_main_beacon_miss	0	static
../Core/nui/nd_app.c:685:13:prv_restart_current_rx_window	16	static
../Core/nui/nd_app.c:705:13:prv_continue_boot_listen_or_schedule	56	static
../Core/nui/nd_app.c:606:13:prv_schedule_short_boot_retry	8	static
../Core/nui/nd_app.c:844:6:UI_Hook_OnOpKeyPressed	256	static
../Core/nui/nd_app.c:863:6:ND_App_Process	64	static
../Core/nui/nd_app.c:987:6:ND_App_Init	24	static
../Core/nui/nd_app.c:1024:6:ND_Radio_OnTxDone	8	static
../Core/nui/nd_app.c:1031:6:ND_Radio_OnTxTimeout	0	static
../Core/nui/nd_app.c:1038:6:ND_Radio_OnRxDone	48	static
../Core/nui/nd_app.c:1083:6:ND_Radio_OnRxTimeout	8	static
../Core/nui/nd_app.c:1101:6:ND_Radio_OnRxError	8	static
