../Core/nui/nd_app.c:302:17:prv_next_event_centi	16	static
../Core/nui/nd_app.c:164:13:prv_led1	0	static
../Core/nui/nd_app.c:173:13:prv_led1_pulse_off_cb	0	static
../Core/nui/nd_app.c:257:13:prv_is_two_minute_mode_active	8	static
../Core/nui/nd_app.c:387:17:prv_get_beacon_early_wake_ms	8	static
../Core/nui/nd_app.c:420:17:prv_get_beacon_rx_window_ms_with_phase_scan	8	static
../Core/nui/nd_app.c:276:17:prv_get_normal_cycle_sec	8	static
../Core/nui/nd_app.c:251:13:prv_refresh_mode_from_config	8	static
../Core/nui/nd_app.c:569:13:prv_stop_sensor_and_tx_timers	8	static
../Core/nui/nd_app.c:576:13:prv_schedule_unsync_search_scan	16	static
../Core/nui/nd_app.c:460:17:prv_calc_sync_anchor_crc	32	static
../Core/nui/nd_app.c:234:13:prv_apply_setting_ascii	16	static
../Core/nui/nd_app.c:679:13:prv_schedule_short_tx_retry	24	static
../Core/nui/nd_app.c:710:13:prv_start_beacon_rx	32	static
../Core/nui/nd_app.c:227:13:prv_tmr_tx_cb	0	static
../Core/nui/nd_app.c:220:13:prv_tmr_sensor_cb	0	static
../Core/nui/nd_app.c:213:13:prv_tmr_reminder_cb	0	static
../Core/nui/nd_app.c:206:13:prv_tmr_beacon_cb	0	static
../Core/nui/nd_app.c:199:13:prv_tmr_boot_cb	0	static
../Core/nui/nd_app.c:867:13:prv_schedule_sensor_and_tx	32	static
../Core/nui/nd_app.c:584:13:prv_enter_unsync_search	8	static
../Core/nui/nd_app.c:606:13:prv_note_main_beacon_miss	0	static
../Core/nui/nd_app.c:703:13:prv_reschedule_main_if_pending	0	static
../Core/nui/nd_app.c:763:13:prv_restart_current_rx_window	16	static
../Core/nui/nd_app.c:783:13:prv_continue_boot_listen_or_schedule	56	static
../Core/nui/nd_app.c:630:13:prv_schedule_short_boot_retry	8	static
../Core/nui/nd_app.c:922:6:UI_Hook_OnOpKeyPressed	256	static
../Core/nui/nd_app.c:942:6:ND_App_Process	80	static
../Core/nui/nd_app.c:1104:6:ND_App_Init	24	static
../Core/nui/nd_app.c:1141:6:ND_Radio_OnTxDone	8	static
../Core/nui/nd_app.c:1148:6:ND_Radio_OnTxTimeout	0	static
../Core/nui/nd_app.c:1155:6:ND_Radio_OnRxDone	48	static
../Core/nui/nd_app.c:1203:6:ND_Radio_OnRxTimeout	8	static
../Core/nui/nd_app.c:1221:6:ND_Radio_OnRxError	8	static
