../Core/nui/nd_app.c:300:17:prv_next_event_centi	16	static
../Core/nui/nd_app.c:162:13:prv_led1	0	static
../Core/nui/nd_app.c:171:13:prv_led1_pulse_off_cb	0	static
../Core/nui/nd_app.c:249:13:prv_refresh_mode_from_config	8	static
../Core/nui/nd_app.c:255:13:prv_is_two_minute_mode_active	8	static
../Core/nui/nd_app.c:385:17:prv_get_beacon_early_wake_ms	8	static
../Core/nui/nd_app.c:418:17:prv_get_beacon_rx_window_ms_with_phase_scan	8	static
../Core/nui/nd_app.c:274:17:prv_get_normal_cycle_sec	8	static
../Core/nui/nd_app.c:567:13:prv_stop_sensor_and_tx_timers	8	static
../Core/nui/nd_app.c:574:13:prv_schedule_unsync_search_scan	16	static
../Core/nui/nd_app.c:458:17:prv_calc_sync_anchor_crc	32	static
../Core/nui/nd_app.c:232:13:prv_apply_setting_ascii	16	static
../Core/nui/nd_app.c:654:13:prv_start_beacon_rx	32	static
../Core/nui/nd_app.c:225:13:prv_tmr_tx_cb	0	static
../Core/nui/nd_app.c:218:13:prv_tmr_sensor_cb	0	static
../Core/nui/nd_app.c:211:13:prv_tmr_reminder_cb	0	static
../Core/nui/nd_app.c:204:13:prv_tmr_beacon_cb	0	static
../Core/nui/nd_app.c:197:13:prv_tmr_boot_cb	0	static
../Core/nui/nd_app.c:811:13:prv_schedule_sensor_and_tx	32	static
../Core/nui/nd_app.c:582:13:prv_enter_unsync_search	8	static
../Core/nui/nd_app.c:604:13:prv_note_main_beacon_miss	0	static
../Core/nui/nd_app.c:707:13:prv_restart_current_rx_window	16	static
../Core/nui/nd_app.c:727:13:prv_continue_boot_listen_or_schedule	56	static
../Core/nui/nd_app.c:628:13:prv_schedule_short_boot_retry	8	static
../Core/nui/nd_app.c:866:6:UI_Hook_OnOpKeyPressed	256	static
../Core/nui/nd_app.c:886:6:ND_App_Process	56	static
../Core/nui/nd_app.c:1014:6:ND_App_Init	24	static
../Core/nui/nd_app.c:1051:6:ND_Radio_OnTxDone	8	static
../Core/nui/nd_app.c:1058:6:ND_Radio_OnTxTimeout	0	static
../Core/nui/nd_app.c:1065:6:ND_Radio_OnRxDone	48	static
../Core/nui/nd_app.c:1113:6:ND_Radio_OnRxTimeout	8	static
../Core/nui/nd_app.c:1131:6:ND_Radio_OnRxError	8	static
