../Core/nui/nd_app.c:361:17:prv_next_event_centi	16	static
../Core/nui/nd_app.c:316:13:prv_is_two_minute_mode_active	8	static
../Core/nui/nd_app.c:502:17:prv_get_beacon_early_wake_ms	8	static
../Core/nui/nd_app.c:535:17:prv_get_beacon_rx_window_ms_with_phase_scan	8	static
../Core/nui/nd_app.c:335:17:prv_get_normal_cycle_sec	8	static
../Core/nui/nd_app.c:310:13:prv_refresh_mode_from_config	8	static
../Core/nui/nd_app.c:684:13:prv_stop_sensor_and_tx_timers	8	static
../Core/nui/nd_app.c:692:13:prv_schedule_unsync_search_scan	16	static
../Core/nui/nd_app.c:795:13:prv_schedule_short_tx_retry	24	static
../Core/nui/nd_app.c:575:17:prv_calc_sync_anchor_crc	32	static
../Core/nui/nd_app.c:293:13:prv_apply_setting_ascii	16	static
../Core/nui/nd_app.c:844:13:prv_start_beacon_rx	32	static
../Core/nui/nd_app.c:247:13:prv_tmr_tx_watchdog_cb	0	static
../Core/nui/nd_app.c:240:13:prv_tmr_tx_cb	0	static
../Core/nui/nd_app.c:233:13:prv_tmr_sensor_cb	0	static
../Core/nui/nd_app.c:226:13:prv_tmr_reminder_cb	0	static
../Core/nui/nd_app.c:219:13:prv_tmr_beacon_cb	0	static
../Core/nui/nd_app.c:212:13:prv_tmr_boot_cb	0	static
../Core/nui/nd_app.c:174:13:prv_led1	8	static
../Core/nui/nd_app.c:186:13:prv_led1_pulse_off_cb	0	static
../Core/nui/nd_app.c:1001:13:prv_schedule_sensor_and_tx	32	static
../Core/nui/nd_app.c:700:13:prv_enter_unsync_search	8	static
../Core/nui/nd_app.c:722:13:prv_note_main_beacon_miss	0	static
../Core/nui/nd_app.c:837:13:prv_reschedule_main_if_pending	0	static
../Core/nui/nd_app.c:897:13:prv_restart_current_rx_window	16	static
../Core/nui/nd_app.c:917:13:prv_continue_boot_listen_or_schedule	56	static
../Core/nui/nd_app.c:746:13:prv_schedule_short_boot_retry	8	static
../Core/nui/nd_app.c:266:13:prv_refresh_runtime_timers_after_tx	8	static
../Core/nui/nd_app.c:277:13:prv_force_tx_recovery	8	static
../Core/nui/nd_app.c:1056:6:UI_Hook_OnOpKeyPressed	256	static
../Core/nui/nd_app.c:1077:6:ND_App_Process	96	static
../Core/nui/nd_app.c:1280:6:ND_App_Init	24	static
../Core/nui/nd_app.c:1319:6:ND_Radio_OnTxDone	8	static
../Core/nui/nd_app.c:1325:6:ND_Radio_OnTxTimeout	8	static
../Core/nui/nd_app.c:1349:6:ND_Radio_OnRxDone	48	static
../Core/nui/nd_app.c:1397:6:ND_Radio_OnRxTimeout	8	static
../Core/nui/nd_app.c:1415:6:ND_Radio_OnRxError	8	static
