../Core/nui/nd_app.c:286:17:prv_next_event_centi	16	static
../Core/nui/nd_app.c:148:13:prv_led1	0	static
../Core/nui/nd_app.c:157:13:prv_led1_pulse_off_cb	0	static
../Core/nui/nd_app.c:235:13:prv_refresh_mode_from_config	8	static
../Core/nui/nd_app.c:241:13:prv_is_two_minute_mode_active	8	static
../Core/nui/nd_app.c:371:17:prv_get_beacon_early_wake_ms	8	static
../Core/nui/nd_app.c:404:17:prv_get_beacon_rx_window_ms_with_phase_scan	8	static
../Core/nui/nd_app.c:260:17:prv_get_normal_cycle_sec	8	static
../Core/nui/nd_app.c:553:13:prv_stop_sensor_and_tx_timers	8	static
../Core/nui/nd_app.c:560:13:prv_schedule_unsync_search_scan	16	static
../Core/nui/nd_app.c:444:17:prv_calc_sync_anchor_crc	32	static
../Core/nui/nd_app.c:218:13:prv_apply_setting_ascii	16	static
../Core/nui/nd_app.c:640:13:prv_start_beacon_rx	32	static
../Core/nui/nd_app.c:211:13:prv_tmr_tx_cb	0	static
../Core/nui/nd_app.c:204:13:prv_tmr_sensor_cb	0	static
../Core/nui/nd_app.c:197:13:prv_tmr_reminder_cb	0	static
../Core/nui/nd_app.c:190:13:prv_tmr_beacon_cb	0	static
../Core/nui/nd_app.c:183:13:prv_tmr_boot_cb	0	static
../Core/nui/nd_app.c:797:13:prv_schedule_sensor_and_tx	32	static
../Core/nui/nd_app.c:568:13:prv_enter_unsync_search	8	static
../Core/nui/nd_app.c:590:13:prv_note_main_beacon_miss	0	static
../Core/nui/nd_app.c:693:13:prv_restart_current_rx_window	16	static
../Core/nui/nd_app.c:713:13:prv_continue_boot_listen_or_schedule	56	static
../Core/nui/nd_app.c:614:13:prv_schedule_short_boot_retry	8	static
../Core/nui/nd_app.c:852:6:UI_Hook_OnOpKeyPressed	256	static
../Core/nui/nd_app.c:872:6:ND_App_Process	56	static
../Core/nui/nd_app.c:1000:6:ND_App_Init	24	static
../Core/nui/nd_app.c:1037:6:ND_Radio_OnTxDone	8	static
../Core/nui/nd_app.c:1044:6:ND_Radio_OnTxTimeout	0	static
../Core/nui/nd_app.c:1051:6:ND_Radio_OnRxDone	48	static
../Core/nui/nd_app.c:1099:6:ND_Radio_OnRxTimeout	8	static
../Core/nui/nd_app.c:1117:6:ND_Radio_OnRxError	8	static
