../Core/nui/nd_app.c:308:17:prv_next_event_centi	16	static
../Core/nui/nd_app.c:263:13:prv_is_two_minute_mode_active	8	static
../Core/nui/nd_app.c:454:17:prv_get_beacon_early_wake_ms	8	static
../Core/nui/nd_app.c:487:17:prv_get_beacon_rx_window_ms_with_phase_scan	8	static
../Core/nui/nd_app.c:282:17:prv_get_normal_cycle_sec	8	static
../Core/nui/nd_app.c:257:13:prv_refresh_mode_from_config	8	static
../Core/nui/nd_app.c:636:13:prv_stop_sensor_and_tx_timers	8	static
../Core/nui/nd_app.c:643:13:prv_schedule_unsync_search_scan	16	static
../Core/nui/nd_app.c:746:13:prv_schedule_short_tx_retry	24	static
../Core/nui/nd_app.c:527:17:prv_calc_sync_anchor_crc	32	static
../Core/nui/nd_app.c:240:13:prv_apply_setting_ascii	16	static
../Core/nui/nd_app.c:795:13:prv_start_beacon_rx	32	static
../Core/nui/nd_app.c:233:13:prv_tmr_tx_cb	0	static
../Core/nui/nd_app.c:226:13:prv_tmr_sensor_cb	0	static
../Core/nui/nd_app.c:219:13:prv_tmr_reminder_cb	0	static
../Core/nui/nd_app.c:212:13:prv_tmr_beacon_cb	0	static
../Core/nui/nd_app.c:205:13:prv_tmr_boot_cb	0	static
../Core/nui/nd_app.c:167:13:prv_led1	8	static
../Core/nui/nd_app.c:179:13:prv_led1_pulse_off_cb	0	static
../Core/nui/nd_app.c:952:13:prv_schedule_sensor_and_tx	32	static
../Core/nui/nd_app.c:651:13:prv_enter_unsync_search	8	static
../Core/nui/nd_app.c:673:13:prv_note_main_beacon_miss	0	static
../Core/nui/nd_app.c:788:13:prv_reschedule_main_if_pending	0	static
../Core/nui/nd_app.c:848:13:prv_restart_current_rx_window	16	static
../Core/nui/nd_app.c:868:13:prv_continue_boot_listen_or_schedule	56	static
../Core/nui/nd_app.c:697:13:prv_schedule_short_boot_retry	8	static
../Core/nui/nd_app.c:1007:6:UI_Hook_OnOpKeyPressed	256	static
../Core/nui/nd_app.c:1029:6:ND_App_Process	80	static
../Core/nui/nd_app.c:1221:6:ND_App_Init	24	static
../Core/nui/nd_app.c:1259:6:ND_Radio_OnTxDone	8	static
../Core/nui/nd_app.c:1271:6:ND_Radio_OnTxTimeout	8	static
../Core/nui/nd_app.c:1291:6:ND_Radio_OnRxDone	48	static
../Core/nui/nd_app.c:1339:6:ND_Radio_OnRxTimeout	8	static
../Core/nui/nd_app.c:1357:6:ND_Radio_OnRxError	8	static
