../Core/nui/ui_cmd.c:31:20:prv_skip_spaces	0	static
../Core/nui/ui_cmd.c:38:13:prv_rstrip	8	static
../Core/nui/ui_cmd.c:26:13:prv_send_error	0	static
../Core/nui/ui_cmd.c:56:12:prv_parse_u8_dec.constprop	20	static
../Core/nui/ui_cmd.c:15:13:UI_Hook_OnConfigChanged	0	static
../Core/nui/ui_cmd.c:108:13:prv_commit_config_changed.isra	8	static
../Core/nui/ui_cmd.c:16:13:UI_Hook_OnTimeChanged	0	static
../Core/nui/ui_cmd.c:17:13:UI_Hook_OnBeaconOnceRequested	0	static
../Core/nui/ui_cmd.c:18:13:UI_Hook_OnBleEndRequested	0	static
../Core/nui/ui_cmd.c:143:6:UI_Cmd_ProcessLine	360	static
