../Core/nui/ui_uart.c:32:13:prv_uart1_is_inited	0	static
../Core/nui/ui_uart.c:26:13:prv_rx_idle_cb	0	static
../Core/nui/ui_uart.c:40:6:UI_UART_Init	16	static
../Core/nui/ui_uart.c:52:6:UI_UART_EnsureStarted	8	static
../Core/nui/ui_uart.c:65:6:UI_UART_ReInit	8	static
../Core/nui/ui_uart.c:84:6:UI_UART_DeInitLowPower	8	static
../Core/nui/ui_uart.c:93:6:UI_UART_ResetRxBuffer	8	static
../Core/nui/ui_uart.c:105:6:UI_UART_RxCpltCallback	16	static
../Core/nui/ui_uart.c:122:6:UI_UART_ErrorCallback	0	static
../Core/nui/ui_uart.c:130:6:UI_UART_ReadByte	0	static
../Core/nui/ui_uart.c:135:6:UI_UART_SendBytes	16	static
../Core/nui/ui_uart.c:143:6:UI_UART_SendString	8	static
../Core/nui/ui_uart.c:149:10:UI_UART_GetLastRxMs	0	static
